Archive member included to satisfy reference by file (symbol)

c:/st/stm32cubeide_1.6.1/stm32cubeide/plugins/com.st.stm32cube.ide.mcu.externaltools.gnu-tools-for-stm32.9-2020-q2-update.win32_1.5.0.202011040924/tools/bin/../lib/gcc/arm-none-eabi/9.3.1/../../../../arm-none-eabi/lib/thumb/v7-m/nofp\libc_nano.a(lib_a-errno.o)
                              Core/Src/syscalls.o (__errno)
c:/st/stm32cubeide_1.6.1/stm32cubeide/plugins/com.st.stm32cube.ide.mcu.externaltools.gnu-tools-for-stm32.9-2020-q2-update.win32_1.5.0.202011040924/tools/bin/../lib/gcc/arm-none-eabi/9.3.1/../../../../arm-none-eabi/lib/thumb/v7-m/nofp\libc_nano.a(lib_a-exit.o)
                              c:/st/stm32cubeide_1.6.1/stm32cubeide/plugins/com.st.stm32cube.ide.mcu.externaltools.gnu-tools-for-stm32.9-2020-q2-update.win32_1.5.0.202011040924/tools/bin/../lib/gcc/arm-none-eabi/9.3.1/../../../../arm-none-eabi/lib/thumb/v7-m/nofp/crt0.o (exit)
c:/st/stm32cubeide_1.6.1/stm32cubeide/plugins/com.st.stm32cube.ide.mcu.externaltools.gnu-tools-for-stm32.9-2020-q2-update.win32_1.5.0.202011040924/tools/bin/../lib/gcc/arm-none-eabi/9.3.1/../../../../arm-none-eabi/lib/thumb/v7-m/nofp\libc_nano.a(lib_a-impure.o)
                              c:/st/stm32cubeide_1.6.1/stm32cubeide/plugins/com.st.stm32cube.ide.mcu.externaltools.gnu-tools-for-stm32.9-2020-q2-update.win32_1.5.0.202011040924/tools/bin/../lib/gcc/arm-none-eabi/9.3.1/../../../../arm-none-eabi/lib/thumb/v7-m/nofp\libc_nano.a(lib_a-exit.o) (_global_impure_ptr)
c:/st/stm32cubeide_1.6.1/stm32cubeide/plugins/com.st.stm32cube.ide.mcu.externaltools.gnu-tools-for-stm32.9-2020-q2-update.win32_1.5.0.202011040924/tools/bin/../lib/gcc/arm-none-eabi/9.3.1/../../../../arm-none-eabi/lib/thumb/v7-m/nofp\libc_nano.a(lib_a-init.o)
                              c:/st/stm32cubeide_1.6.1/stm32cubeide/plugins/com.st.stm32cube.ide.mcu.externaltools.gnu-tools-for-stm32.9-2020-q2-update.win32_1.5.0.202011040924/tools/bin/../lib/gcc/arm-none-eabi/9.3.1/../../../../arm-none-eabi/lib/thumb/v7-m/nofp/crt0.o (__libc_init_array)
c:/st/stm32cubeide_1.6.1/stm32cubeide/plugins/com.st.stm32cube.ide.mcu.externaltools.gnu-tools-for-stm32.9-2020-q2-update.win32_1.5.0.202011040924/tools/bin/../lib/gcc/arm-none-eabi/9.3.1/../../../../arm-none-eabi/lib/thumb/v7-m/nofp\libc_nano.a(lib_a-memcpy-stub.o)
                              Core/Src/lcd.o (memcpy)
c:/st/stm32cubeide_1.6.1/stm32cubeide/plugins/com.st.stm32cube.ide.mcu.externaltools.gnu-tools-for-stm32.9-2020-q2-update.win32_1.5.0.202011040924/tools/bin/../lib/gcc/arm-none-eabi/9.3.1/../../../../arm-none-eabi/lib/thumb/v7-m/nofp\libc_nano.a(lib_a-memset.o)
                              c:/st/stm32cubeide_1.6.1/stm32cubeide/plugins/com.st.stm32cube.ide.mcu.externaltools.gnu-tools-for-stm32.9-2020-q2-update.win32_1.5.0.202011040924/tools/bin/../lib/gcc/arm-none-eabi/9.3.1/../../../../arm-none-eabi/lib/thumb/v7-m/nofp/crt0.o (memset)
c:/st/stm32cubeide_1.6.1/stm32cubeide/plugins/com.st.stm32cube.ide.mcu.externaltools.gnu-tools-for-stm32.9-2020-q2-update.win32_1.5.0.202011040924/tools/bin/../lib/gcc/arm-none-eabi/9.3.1/../../../../arm-none-eabi/lib/thumb/v7-m/nofp\libm.a(lib_a-s_cos.o)
                              Core/Src/main.o (cos)
c:/st/stm32cubeide_1.6.1/stm32cubeide/plugins/com.st.stm32cube.ide.mcu.externaltools.gnu-tools-for-stm32.9-2020-q2-update.win32_1.5.0.202011040924/tools/bin/../lib/gcc/arm-none-eabi/9.3.1/../../../../arm-none-eabi/lib/thumb/v7-m/nofp\libm.a(lib_a-s_sin.o)
                              Core/Src/main.o (sin)
c:/st/stm32cubeide_1.6.1/stm32cubeide/plugins/com.st.stm32cube.ide.mcu.externaltools.gnu-tools-for-stm32.9-2020-q2-update.win32_1.5.0.202011040924/tools/bin/../lib/gcc/arm-none-eabi/9.3.1/../../../../arm-none-eabi/lib/thumb/v7-m/nofp\libm.a(lib_a-e_rem_pio2.o)
                              c:/st/stm32cubeide_1.6.1/stm32cubeide/plugins/com.st.stm32cube.ide.mcu.externaltools.gnu-tools-for-stm32.9-2020-q2-update.win32_1.5.0.202011040924/tools/bin/../lib/gcc/arm-none-eabi/9.3.1/../../../../arm-none-eabi/lib/thumb/v7-m/nofp\libm.a(lib_a-s_cos.o) (__ieee754_rem_pio2)
c:/st/stm32cubeide_1.6.1/stm32cubeide/plugins/com.st.stm32cube.ide.mcu.externaltools.gnu-tools-for-stm32.9-2020-q2-update.win32_1.5.0.202011040924/tools/bin/../lib/gcc/arm-none-eabi/9.3.1/../../../../arm-none-eabi/lib/thumb/v7-m/nofp\libm.a(lib_a-k_cos.o)
                              c:/st/stm32cubeide_1.6.1/stm32cubeide/plugins/com.st.stm32cube.ide.mcu.externaltools.gnu-tools-for-stm32.9-2020-q2-update.win32_1.5.0.202011040924/tools/bin/../lib/gcc/arm-none-eabi/9.3.1/../../../../arm-none-eabi/lib/thumb/v7-m/nofp\libm.a(lib_a-s_cos.o) (__kernel_cos)
c:/st/stm32cubeide_1.6.1/stm32cubeide/plugins/com.st.stm32cube.ide.mcu.externaltools.gnu-tools-for-stm32.9-2020-q2-update.win32_1.5.0.202011040924/tools/bin/../lib/gcc/arm-none-eabi/9.3.1/../../../../arm-none-eabi/lib/thumb/v7-m/nofp\libm.a(lib_a-k_rem_pio2.o)
[...]
Memory Configuration

Name             Origin             Length             Attributes
RAM              0x0000000020000000 0x0000000000005000 xrw
FLASH            0x0000000008000000 0x0000000000020000 xr
*default*        0x0000000000000000 0xffffffffffffffff

Linker script and memory map

LOAD c:/st/stm32cubeide_1.6.1/stm32cubeide/plugins/com.st.stm32cube.ide.mcu.externaltools.gnu-tools-for-stm32.9-2020-q2-update.win32_1.5.0.202011040924/tools/bin/../lib/gcc/arm-none-eabi/9.3.1/thumb/v7-m/nofp/crti.o
LOAD c:/st/stm32cubeide_1.6.1/stm32cubeide/plugins/com.st.stm32cube.ide.mcu.externaltools.gnu-tools-for-stm32.9-2020-q2-update.win32_1.5.0.202011040924/tools/bin/../lib/gcc/arm-none-eabi/9.3.1/thumb/v7-m/nofp/crtbegin.o
LOAD c:/st/stm32cubeide_1.6.1/stm32cubeide/plugins/com.st.stm32cube.ide.mcu.externaltools.gnu-tools-for-stm32.9-2020-q2-update.win32_1.5.0.202011040924/tools/bin/../lib/gcc/arm-none-eabi/9.3.1/../../../../arm-none-eabi/lib/thumb/v7-m/nofp/crt0.o
LOAD Core/Src/bitmap.o
LOAD Core/Src/font.o
LOAD Core/Src/lcd.o
LOAD Core/Src/main.o
LOAD Core/Src/stm32f1xx_hal_msp.o
LOAD Core/Src/stm32f1xx_it.o
LOAD Core/Src/syscalls.o
LOAD Core/Src/sysmem.o
LOAD Core/Src/system_stm32f1xx.o
LOAD Core/Startup/startup_stm32f103rbtx.o
LOAD Drivers/STM32F1xx_HAL_Driver/Src/stm32f1xx_hal.o
LOAD Drivers/STM32F1xx_HAL_Driver/Src/stm32f1xx_hal_adc.o
LOAD Drivers/STM32F1xx_HAL_Driver/Src/stm32f1xx_hal_adc_ex.o
LOAD Drivers/STM32F1xx_HAL_Driver/Src/stm32f1xx_hal_cortex.o
LOAD Drivers/STM32F1xx_HAL_Driver/Src/stm32f1xx_hal_dma.o
LOAD Drivers/STM32F1xx_HAL_Driver/Src/stm32f1xx_hal_exti.o
LOAD Drivers/STM32F1xx_HAL_Driver/Src/stm32f1xx_hal_flash.o
LOAD Drivers/STM32F1xx_HAL_Driver/Src/stm32f1xx_hal_flash_ex.o
LOAD Drivers/STM32F1xx_HAL_Driver/Src/stm32f1xx_hal_gpio.o
LOAD Drivers/STM32F1xx_HAL_Driver/Src/stm32f1xx_hal_gpio_ex.o
LOAD Drivers/STM32F1xx_HAL_Driver/Src/stm32f1xx_hal_pwr.o
LOAD Drivers/STM32F1xx_HAL_Driver/Src/stm32f1xx_hal_rcc.o
LOAD Drivers/STM32F1xx_HAL_Driver/Src/stm32f1xx_hal_rcc_ex.o
LOAD Drivers/STM32F1xx_HAL_Driver/Src/stm32f1xx_hal_spi.o
LOAD Drivers/STM32F1xx_HAL_Driver/Src/stm32f1xx_hal_tim.o
LOAD Drivers/STM32F1xx_HAL_Driver/Src/stm32f1xx_hal_tim_ex.o
LOAD Drivers/STM32F1xx_HAL_Driver/Src/stm32f1xx_hal_uart.o
START GROUP
LOAD c:/st/stm32cubeide_1.6.1/stm32cubeide/plugins/com.st.stm32cube.ide.mcu.externaltools.gnu-tools-for-stm32.9-2020-q2-update.win32_1.5.0.202011040924/tools/bin/../lib/gcc/arm-none-eabi/9.3.1/../../../../arm-none-eabi/lib/thumb/v7-m/nofp\libc_nano.a
LOAD c:/st/stm32cubeide_1.6.1/stm32cubeide/plugins/com.st.stm32cube.ide.mcu.externaltools.gnu-tools-for-stm32.9-2020-q2-update.win32_1.5.0.202011040924/tools/bin/../lib/gcc/arm-none-eabi/9.3.1/../../../../arm-none-eabi/lib/thumb/v7-m/nofp\libm.a
END GROUP
START GROUP
LOAD c:/st/stm32cubeide_1.6.1/stm32cubeide/plugins/com.st.stm32cube.ide.mcu.externaltools.gnu-tools-for-stm32.9-2020-q2-update.win32_1.5.0.202011040924/tools/bin/../lib/gcc/arm-none-eabi/9.3.1/thumb/v7-m/nofp\libgcc.a
LOAD c:/st/stm32cubeide_1.6.1/stm32cubeide/plugins/com.st.stm32cube.ide.mcu.externaltools.gnu-tools-for-stm32.9-2020-q2-update.win32_1.5.0.202011040924/tools/bin/../lib/gcc/arm-none-eabi/9.3.1/../../../../arm-none-eabi/lib/thumb/v7-m/nofp\libc_nano.a
END GROUP
START GROUP
LOAD c:/st/stm32cubeide_1.6.1/stm32cubeide/plugins/com.st.stm32cube.ide.mcu.externaltools.gnu-tools-for-stm32.9-2020-q2-update.win32_1.5.0.202011040924/tools/bin/../lib/gcc/arm-none-eabi/9.3.1/thumb/v7-m/nofp\libgcc.a
LOAD c:/st/stm32cubeide_1.6.1/stm32cubeide/plugins/com.st.stm32cube.ide.mcu.externaltools.gnu-tools-for-stm32.9-2020-q2-update.win32_1.5.0.202011040924/tools/bin/../lib/gcc/arm-none-eabi/9.3.1/../../../../arm-none-eabi/lib/thumb/v7-m/nofp\libc_nano.a
LOAD c:/st/stm32cubeide_1.6.1/stm32cubeide/plugins/com.st.stm32cube.ide.mcu.externaltools.gnu-tools-for-stm32.9-2020-q2-update.win32_1.5.0.202011040924/tools/bin/../lib/gcc/arm-none-eabi/9.3.1/../../../../arm-none-eabi/lib/thumb/v7-m/nofp\libnosys.a
END GROUP
START GROUP
LOAD c:/st/stm32cubeide_1.6.1/stm32cubeide/plugins/com.st.stm32cube.ide.mcu.externaltools.gnu-tools-for-stm32.9-2020-q2-update.win32_1.5.0.202011040924/tools/bin/../lib/gcc/arm-none-eabi/9.3.1/thumb/v7-m/nofp\libgcc.a
LOAD c:/st/stm32cubeide_1.6.1/stm32cubeide/plugins/com.st.stm32cube.ide.mcu.externaltools.gnu-tools-for-stm32.9-2020-q2-update.win32_1.5.0.202011040924/tools/bin/../lib/gcc/arm-none-eabi/9.3.1/../../../../arm-none-eabi/lib/thumb/v7-m/nofp\libc_nano.a
LOAD c:/st/stm32cubeide_1.6.1/stm32cubeide/plugins/com.st.stm32cube.ide.mcu.externaltools.gnu-tools-for-stm32.9-2020-q2-update.win32_1.5.0.202011040924/tools/bin/../lib/gcc/arm-none-eabi/9.3.1/../../../../arm-none-eabi/lib/thumb/v7-m/nofp\libnosys.a
END GROUP
LOAD c:/st/stm32cubeide_1.6.1/stm32cubeide/plugins/com.st.stm32cube.ide.mcu.externaltools.gnu-tools-for-stm32.9-2020-q2-update.win32_1.5.0.202011040924/tools/bin/../lib/gcc/arm-none-eabi/9.3.1/thumb/v7-m/nofp/crtend.o
LOAD c:/st/stm32cubeide_1.6.1/stm32cubeide/plugins/com.st.stm32cube.ide.mcu.externaltools.gnu-tools-for-stm32.9-2020-q2-update.win32_1.5.0.202011040924/tools/bin/../lib/gcc/arm-none-eabi/9.3.1/thumb/v7-m/nofp/crtn.o
                0x0000000020005000                _estack = (ORIGIN (RAM) + LENGTH (RAM))
                0x0000000000000200                _Min_Heap_Size = 0x200
                0x0000000000000400                _Min_Stack_Size = 0x400

.isr_vector     0x0000000008000000      0x10c
                0x0000000008000000                . = ALIGN (0x4)
 *(.isr_vector)
 .isr_vector    0x0000000008000000      0x10c Core/Startup/startup_stm32f103rbtx.o
                0x0000000008000000                g_pfnVectors
                0x000000000800010c                . = ALIGN (0x4)

.text           0x0000000008000110     0x5f94
                0x0000000008000110                . = ALIGN (0x4)
 *(.text)
 .text          0x0000000008000110       0x40 c:/st/stm32cubeide_1.6.1/stm32cubeide/plugins/com.st.stm32cube.ide.mcu.externaltools.gnu-tools-for-stm32.9-2020-q2-update.win32_1.5.0.202011040924/tools/bin/../lib/gcc/arm-none-eabi/9.3.1/thumb/v7-m/nofp/crtbegin.o
 .text          0x0000000008000150      0x378 c:/st/stm32cubeide_1.6.1/stm32cubeide/plugins/com.st.stm32cube.ide.mcu.externaltools.gnu-tools-for-stm32.9-2020-q2-update.win32_1.5.0.202011040924/tools/bin/../lib/gcc/arm-none-eabi/9.3.1/thumb/v7-m/nofp\libgcc.a(_arm_addsubdf3.o)
                0x0000000008000150                __aeabi_drsub
                0x0000000008000158                __aeabi_dsub
                0x0000000008000158                __subdf3
                0x000000000800015c                __aeabi_dadd
                0x000000000800015c                __adddf3
                0x00000000080003d4                __floatunsidf
                0x00000000080003d4                __aeabi_ui2d
                0x00000000080003f4                __floatsidf
                0x00000000080003f4                __aeabi_i2d
                0x0000000008000418                __aeabi_f2d
                0x0000000008000418                __extendsfdf2
                0x000000000800045c                __floatundidf
                0x000000000800045c                __aeabi_ul2d
                0x000000000800046c                __floatdidf
                0x000000000800046c                __aeabi_l2d
 .text          0x00000000080004c8      0x424 c:/st/stm32cubeide_1.6.1/stm32cubeide/plugins/com.st.stm32cube.ide.mcu.externaltools.gnu-tools-for-stm32.9-2020-q2-update.win32_1.5.0.202011040924/tools/bin/../lib/gcc/arm-none-eabi/9.3.1/thumb/v7-m/nofp\libgcc.a(_arm_muldivdf3.o)
                0x00000000080004c8                __aeabi_dmul
                0x00000000080004c8                __muldf3
                0x000000000800071c                __divdf3
                0x000000000800071c                __aeabi_ddiv
 .text          0x00000000080008ec      0x110 c:/st/stm32cubeide_1.6.1/stm32cubeide/plugins/com.st.stm32cube.ide.mcu.externaltools.gnu-tools-for-stm32.9-2020-q2-update.win32_1.5.0.202011040924/tools/bin/../lib/gcc/arm-none-eabi/9.3.1/thumb/v7-m/nofp\libgcc.a(_arm_cmpdf2.o)
                0x00000000080008ec                __gtdf2
                0x00000000080008ec                __gedf2
                0x00000000080008f4                __ltdf2
                0x00000000080008f4                __ledf2
                0x00000000080008fc                __nedf2
                0x00000000080008fc                __eqdf2
                0x00000000080008fc                __cmpdf2
                0x0000000008000978                __aeabi_cdrcmple
                0x0000000008000988                __aeabi_cdcmpeq
                0x0000000008000988                __aeabi_cdcmple
                0x0000000008000998                __aeabi_dcmpeq
                0x00000000080009ac                __aeabi_dcmplt
                0x00000000080009c0                __aeabi_dcmple
                0x00000000080009d4                __aeabi_dcmpge
                0x00000000080009e8                __aeabi_dcmpgt
 .text          0x00000000080009fc       0x50 c:/st/stm32cubeide_1.6.1/stm32cubeide/plugins/com.st.stm32cube.ide.mcu.externaltools.gnu-tools-for-stm32.9-2020-q2-update.win32_1.5.0.202011040924/tools/bin/../lib/gcc/arm-none-eabi/9.3.1/thumb/v7-m/nofp\libgcc.a(_arm_fixdfsi.o)
                0x00000000080009fc                __aeabi_d2iz
                0x00000000080009fc                __fixdfsi
 *(.text*)
 .text.lcd_cmd  0x0000000008000a4c       0x3c Core/Src/lcd.o
                0x0000000008000a4c                lcd_cmd
 .text.lcd_setup
                0x0000000008000a88       0x40 Core/Src/lcd.o
                0x0000000008000a88                lcd_setup
 .text.lcd_clear
                0x0000000008000ac8       0x18 Core/Src/lcd.o
                0x0000000008000ac8                lcd_clear
 .text.lcd_draw_text
                0x0000000008000ae0       0x90 Core/Src/lcd.o
                0x0000000008000ae0                lcd_draw_text
 .text.lcd_copy
                0x0000000008000b70       0x44 Core/Src/lcd.o
                0x0000000008000b70                lcd_copy
 *fill*         0x0000000008000bb4        0x4 
 .text.HAL_TIM_PeriodElapsedCallback
                0x0000000008000bb8       0x98 Core/Src/main.o
                0x0000000008000bb8                HAL_TIM_PeriodElapsedCallback
 .text.main     0x0000000008000c50      0xbf0 Core/Src/main.o
                0x0000000008000c50                main
 .text.SystemClock_Config
                0x0000000008001840       0xa0 Core/Src/main.o
                0x0000000008001840                SystemClock_Config
 .text.MX_ADC1_Init
                0x00000000080018e0       0x7c Core/Src/main.o
 .text.MX_SPI2_Init
                0x000000000800195c       0x6c Core/Src/main.o
 .text.MX_TIM1_Init
                0x00000000080019c8       0xb0 Core/Src/main.o
 .text.MX_TIM2_Init
                0x0000000008001a78       0xa8 Core/Src/main.o
 .text.MX_TIM3_Init
                0x0000000008001b20       0xf0 Core/Src/main.o
 .text.MX_USART2_UART_Init
                0x0000000008001c10       0x54 Core/Src/main.o
 .text.MX_GPIO_Init
                0x0000000008001c64      0x104 Core/Src/main.o
 .text.Error_Handler
                0x0000000008001d68        0xa Core/Src/main.o
                0x0000000008001d68                Error_Handler
 *fill*         0x0000000008001d72        0x2 
 .text.HAL_MspInit
                0x0000000008001d74       0x64 Core/Src/stm32f1xx_hal_msp.o
                0x0000000008001d74                HAL_MspInit
 .text.HAL_ADC_MspInit
                0x0000000008001dd8       0x78 Core/Src/stm32f1xx_hal_msp.o
                0x0000000008001dd8                HAL_ADC_MspInit
 .text.HAL_SPI_MspInit
                0x0000000008001e50       0x98 Core/Src/stm32f1xx_hal_msp.o
                0x0000000008001e50                HAL_SPI_MspInit
 .text.HAL_TIM_Encoder_MspInit
                0x0000000008001ee8       0xd4 Core/Src/stm32f1xx_hal_msp.o
                0x0000000008001ee8                HAL_TIM_Encoder_MspInit
 .text.HAL_TIM_Base_MspInit
                0x0000000008001fbc       0x4c Core/Src/stm32f1xx_hal_msp.o
                0x0000000008001fbc                HAL_TIM_Base_MspInit
 .text.HAL_TIM_MspPostInit
                0x0000000008002008       0x64 Core/Src/stm32f1xx_hal_msp.o
                0x0000000008002008                HAL_TIM_MspPostInit
 .text.HAL_UART_MspInit
                0x000000000800206c       0x7c Core/Src/stm32f1xx_hal_msp.o
                0x000000000800206c                HAL_UART_MspInit
 .text.NMI_Handler
                0x00000000080020e8        0x6 Core/Src/stm32f1xx_it.o
                0x00000000080020e8                NMI_Handler
 .text.HardFault_Handler
                0x00000000080020ee        0x6 Core/Src/stm32f1xx_it.o
                0x00000000080020ee                HardFault_Handler
 .text.MemManage_Handler
                0x00000000080020f4        0x6 Core/Src/stm32f1xx_it.o
                0x00000000080020f4                MemManage_Handler
 .text.BusFault_Handler
                0x00000000080020fa        0x6 Core/Src/stm32f1xx_it.o
                0x00000000080020fa                BusFault_Handler
 .text.UsageFault_Handler
                0x0000000008002100        0x6 Core/Src/stm32f1xx_it.o
                0x0000000008002100                UsageFault_Handler
 .text.SVC_Handler
                0x0000000008002106        0xc Core/Src/stm32f1xx_it.o
                0x0000000008002106                SVC_Handler
 .text.DebugMon_Handler
                0x0000000008002112        0xc Core/Src/stm32f1xx_it.o
                0x0000000008002112                DebugMon_Handler
 .text.PendSV_Handler
                0x000000000800211e        0xc Core/Src/stm32f1xx_it.o
                0x000000000800211e                PendSV_Handler
 .text.SysTick_Handler
                0x000000000800212a        0xc Core/Src/stm32f1xx_it.o
                0x000000000800212a                SysTick_Handler
 *fill*         0x0000000008002136        0x2 
 .text.TIM3_IRQHandler
                0x0000000008002138       0x14 Core/Src/stm32f1xx_it.o
                0x0000000008002138                TIM3_IRQHandler
 .text.EXTI15_10_IRQHandler
                0x000000000800214c       0x10 Core/Src/stm32f1xx_it.o
                0x000000000800214c                EXTI15_10_IRQHandler
 .text.SystemInit
                0x000000000800215c        0xc Core/Src/system_stm32f1xx.o
                0x000000000800215c                SystemInit
 .text.Reset_Handler
                0x0000000008002168       0x48 Core/Startup/startup_stm32f103rbtx.o
                0x0000000008002168                Reset_Handler
 .text.Default_Handler
                0x00000000080021b0        0x2 Core/Startup/startup_stm32f103rbtx.o
                0x00000000080021b0                RTC_Alarm_IRQHandler
                0x00000000080021b0                EXTI2_IRQHandler
                0x00000000080021b0                TIM1_CC_IRQHandler
                0x00000000080021b0                PVD_IRQHandler
                0x00000000080021b0                EXTI3_IRQHandler
                0x00000000080021b0                EXTI0_IRQHandler
                0x00000000080021b0                I2C2_EV_IRQHandler
                0x00000000080021b0                ADC1_2_IRQHandler
                0x00000000080021b0                SPI1_IRQHandler
                0x00000000080021b0                TAMPER_IRQHandler
                0x00000000080021b0                DMA1_Channel4_IRQHandler
                0x00000000080021b0                USART3_IRQHandler
                0x00000000080021b0                RTC_IRQHandler
                0x00000000080021b0                DMA1_Channel7_IRQHandler
                0x00000000080021b0                CAN1_RX1_IRQHandler
                0x00000000080021b0                TIM4_IRQHandler
                0x00000000080021b0                I2C1_EV_IRQHandler
                0x00000000080021b0                DMA1_Channel6_IRQHandler
                0x00000000080021b0                RCC_IRQHandler
                0x00000000080021b0                TIM1_TRG_COM_IRQHandler
                0x00000000080021b0                DMA1_Channel1_IRQHandler
                0x00000000080021b0                Default_Handler
                0x00000000080021b0                EXTI9_5_IRQHandler
                0x00000000080021b0                SPI2_IRQHandler
                0x00000000080021b0                DMA1_Channel5_IRQHandler
                0x00000000080021b0                EXTI4_IRQHandler
                0x00000000080021b0                USB_LP_CAN1_RX0_IRQHandler
                0x00000000080021b0                USB_HP_CAN1_TX_IRQHandler
                0x00000000080021b0                DMA1_Channel3_IRQHandler
                0x00000000080021b0                TIM1_UP_IRQHandler
                0x00000000080021b0                WWDG_IRQHandler
                0x00000000080021b0                TIM2_IRQHandler
                0x00000000080021b0                TIM1_BRK_IRQHandler
                0x00000000080021b0                EXTI1_IRQHandler
                0x00000000080021b0                USART2_IRQHandler
                0x00000000080021b0                I2C2_ER_IRQHandler
                0x00000000080021b0                DMA1_Channel2_IRQHandler
                0x00000000080021b0                CAN1_SCE_IRQHandler
                0x00000000080021b0                FLASH_IRQHandler
                0x00000000080021b0                USART1_IRQHandler
                0x00000000080021b0                I2C1_ER_IRQHandler
                0x00000000080021b0                USBWakeUp_IRQHandler
 *fill*         0x00000000080021b2        0x2 
 .text.HAL_Init
                0x00000000080021b4       0x2c Drivers/STM32F1xx_HAL_Driver/Src/stm32f1xx_hal.o
                0x00000000080021b4                HAL_Init
 .text.HAL_InitTick
                0x00000000080021e0       0x60 Drivers/STM32F1xx_HAL_Driver/Src/stm32f1xx_hal.o
                0x00000000080021e0                HAL_InitTick
 .text.HAL_IncTick
                0x0000000008002240       0x24 Drivers/STM32F1xx_HAL_Driver/Src/stm32f1xx_hal.o
                0x0000000008002240                HAL_IncTick
 .text.HAL_GetTick
                0x0000000008002264       0x14 Drivers/STM32F1xx_HAL_Driver/Src/stm32f1xx_hal.o
                0x0000000008002264                HAL_GetTick
 .text.HAL_ADC_Init
                0x0000000008002278      0x1b0 Drivers/STM32F1xx_HAL_Driver/Src/stm32f1xx_hal_adc.o
                0x0000000008002278                HAL_ADC_Init
 .text.HAL_ADC_Start
                0x0000000008002428      0x15c Drivers/STM32F1xx_HAL_Driver/Src/stm32f1xx_hal_adc.o
                0x0000000008002428                HAL_ADC_Start
 .text.HAL_ADC_GetValue
                0x0000000008002584       0x18 Drivers/STM32F1xx_HAL_Driver/Src/stm32f1xx_hal_adc.o
                0x0000000008002584                HAL_ADC_GetValue
 .text.HAL_ADC_ConfigChannel
                0x000000000800259c      0x1f0 Drivers/STM32F1xx_HAL_Driver/Src/stm32f1xx_hal_adc.o
                0x000000000800259c                HAL_ADC_ConfigChannel
 .text.ADC_Enable
                0x000000000800278c       0xa4 Drivers/STM32F1xx_HAL_Driver/Src/stm32f1xx_hal_adc.o
                0x000000000800278c                ADC_Enable
 .text.ADC_ConversionStop_Disable
                0x0000000008002830       0x74 Drivers/STM32F1xx_HAL_Driver/Src/stm32f1xx_hal_adc.o
                0x0000000008002830                ADC_ConversionStop_Disable
 .text.__NVIC_SetPriorityGrouping
                0x00000000080028a4       0x48 Drivers/STM32F1xx_HAL_Driver/Src/stm32f1xx_hal_cortex.o
 .text.__NVIC_GetPriorityGrouping
                0x00000000080028ec       0x1c Drivers/STM32F1xx_HAL_Driver/Src/stm32f1xx_hal_cortex.o
 .text.__NVIC_EnableIRQ
                0x0000000008002908       0x38 Drivers/STM32F1xx_HAL_Driver/Src/stm32f1xx_hal_cortex.o
 .text.__NVIC_SetPriority
                0x0000000008002940       0x54 Drivers/STM32F1xx_HAL_Driver/Src/stm32f1xx_hal_cortex.o
 .text.NVIC_EncodePriority
                0x0000000008002994       0x64 Drivers/STM32F1xx_HAL_Driver/Src/stm32f1xx_hal_cortex.o
 .text.SysTick_Config
                0x00000000080029f8       0x44 Drivers/STM32F1xx_HAL_Driver/Src/stm32f1xx_hal_cortex.o
 .text.HAL_NVIC_SetPriorityGrouping
                0x0000000008002a3c       0x16 Drivers/STM32F1xx_HAL_Driver/Src/stm32f1xx_hal_cortex.o
                0x0000000008002a3c                HAL_NVIC_SetPriorityGrouping
 .text.HAL_NVIC_SetPriority
                0x0000000008002a52       0x38 Drivers/STM32F1xx_HAL_Driver/Src/stm32f1xx_hal_cortex.o
                0x0000000008002a52                HAL_NVIC_SetPriority
 .text.HAL_NVIC_EnableIRQ
                0x0000000008002a8a       0x1c Drivers/STM32F1xx_HAL_Driver/Src/stm32f1xx_hal_cortex.o
                0x0000000008002a8a                HAL_NVIC_EnableIRQ
 .text.HAL_SYSTICK_Config
                0x0000000008002aa6       0x18 Drivers/STM32F1xx_HAL_Driver/Src/stm32f1xx_hal_cortex.o
                0x0000000008002aa6                HAL_SYSTICK_Config
 *fill*         0x0000000008002abe        0x2 
 .text.HAL_GPIO_Init
                0x0000000008002ac0      0x308 Drivers/STM32F1xx_HAL_Driver/Src/stm32f1xx_hal_gpio.o
                0x0000000008002ac0                HAL_GPIO_Init
 .text.HAL_GPIO_ReadPin
                0x0000000008002dc8       0x2e Drivers/STM32F1xx_HAL_Driver/Src/stm32f1xx_hal_gpio.o
                0x0000000008002dc8                HAL_GPIO_ReadPin
 .text.HAL_GPIO_WritePin
                0x0000000008002df6       0x30 Drivers/STM32F1xx_HAL_Driver/Src/stm32f1xx_hal_gpio.o
                0x0000000008002df6                HAL_GPIO_WritePin
 *fill*         0x0000000008002e26        0x2 
 .text.HAL_GPIO_EXTI_IRQHandler
                0x0000000008002e28       0x30 Drivers/STM32F1xx_HAL_Driver/Src/stm32f1xx_hal_gpio.o
                0x0000000008002e28                HAL_GPIO_EXTI_IRQHandler
 .text.HAL_GPIO_EXTI_Callback
                0x0000000008002e58       0x14 Drivers/STM32F1xx_HAL_Driver/Src/stm32f1xx_hal_gpio.o
                0x0000000008002e58                HAL_GPIO_EXTI_Callback
 .text.HAL_RCC_OscConfig
                0x0000000008002e6c      0x500 Drivers/STM32F1xx_HAL_Driver/Src/stm32f1xx_hal_rcc.o
                0x0000000008002e6c                HAL_RCC_OscConfig
 .text.HAL_RCC_ClockConfig
                0x000000000800336c      0x1d4 Drivers/STM32F1xx_HAL_Driver/Src/stm32f1xx_hal_rcc.o
                0x000000000800336c                HAL_RCC_ClockConfig
 .text.HAL_RCC_GetSysClockFreq
                0x0000000008003540       0xc0 Drivers/STM32F1xx_HAL_Driver/Src/stm32f1xx_hal_rcc.o
                0x0000000008003540                HAL_RCC_GetSysClockFreq
 .text.HAL_RCC_GetHCLKFreq
                0x0000000008003600       0x14 Drivers/STM32F1xx_HAL_Driver/Src/stm32f1xx_hal_rcc.o
                0x0000000008003600                HAL_RCC_GetHCLKFreq
 .text.HAL_RCC_GetPCLK1Freq
                0x0000000008003614       0x28 Drivers/STM32F1xx_HAL_Driver/Src/stm32f1xx_hal_rcc.o
                0x0000000008003614                HAL_RCC_GetPCLK1Freq
 .text.HAL_RCC_GetPCLK2Freq
                0x000000000800363c       0x28 Drivers/STM32F1xx_HAL_Driver/Src/stm32f1xx_hal_rcc.o
                0x000000000800363c                HAL_RCC_GetPCLK2Freq
 .text.RCC_Delay
                0x0000000008003664       0x3c Drivers/STM32F1xx_HAL_Driver/Src/stm32f1xx_hal_rcc.o
 .text.HAL_RCCEx_PeriphCLKConfig
                0x00000000080036a0      0x16c Drivers/STM32F1xx_HAL_Driver/Src/stm32f1xx_hal_rcc_ex.o
                0x00000000080036a0                HAL_RCCEx_PeriphCLKConfig
 .text.HAL_SPI_Init
                0x000000000800380c      0x108 Drivers/STM32F1xx_HAL_Driver/Src/stm32f1xx_hal_spi.o
                0x000000000800380c                HAL_SPI_Init
 .text.HAL_SPI_Transmit
                0x0000000008003914      0x278 Drivers/STM32F1xx_HAL_Driver/Src/stm32f1xx_hal_spi.o
                0x0000000008003914                HAL_SPI_Transmit
 .text.SPI_WaitFlagStateUntilTimeout
                0x0000000008003b8c      0x110 Drivers/STM32F1xx_HAL_Driver/Src/stm32f1xx_hal_spi.o
 .text.SPI_EndRxTxTransaction
                0x0000000008003c9c       0x3c Drivers/STM32F1xx_HAL_Driver/Src/stm32f1xx_hal_spi.o
 .text.HAL_TIM_Base_Init
                0x0000000008003cd8       0x9e Drivers/STM32F1xx_HAL_Driver/Src/stm32f1xx_hal_tim.o
                0x0000000008003cd8                HAL_TIM_Base_Init
 *fill*         0x0000000008003d76        0x2 
 .text.HAL_TIM_Base_Start_IT
                0x0000000008003d78       0xa4 Drivers/STM32F1xx_HAL_Driver/Src/stm32f1xx_hal_tim.o
                0x0000000008003d78                HAL_TIM_Base_Start_IT
 .text.HAL_TIM_PWM_Init
                0x0000000008003e1c       0x9e Drivers/STM32F1xx_HAL_Driver/Src/stm32f1xx_hal_tim.o
                0x0000000008003e1c                HAL_TIM_PWM_Init
 .text.HAL_TIM_PWM_MspInit
                0x0000000008003eba       0x12 Drivers/STM32F1xx_HAL_Driver/Src/stm32f1xx_hal_tim.o
                0x0000000008003eba                HAL_TIM_PWM_MspInit
 .text.HAL_TIM_PWM_Start
                0x0000000008003ecc      0x144 Drivers/STM32F1xx_HAL_Driver/Src/stm32f1xx_hal_tim.o
                0x0000000008003ecc                HAL_TIM_PWM_Start
 .text.HAL_TIM_Encoder_Init
                0x0000000008004010      0x144 Drivers/STM32F1xx_HAL_Driver/Src/stm32f1xx_hal_tim.o
                0x0000000008004010                HAL_TIM_Encoder_Init
 .text.HAL_TIM_Encoder_Start
                0x0000000008004154      0x11c Drivers/STM32F1xx_HAL_Driver/Src/stm32f1xx_hal_tim.o
                0x0000000008004154                HAL_TIM_Encoder_Start
 .text.HAL_TIM_IRQHandler
                0x0000000008004270      0x210 Drivers/STM32F1xx_HAL_Driver/Src/stm32f1xx_hal_tim.o
                0x0000000008004270                HAL_TIM_IRQHandler
 .text.HAL_TIM_PWM_ConfigChannel
                0x0000000008004480      0x17c Drivers/STM32F1xx_HAL_Driver/Src/stm32f1xx_hal_tim.o
                0x0000000008004480                HAL_TIM_PWM_ConfigChannel
 .text.HAL_TIM_ConfigClockSource
                0x00000000080045fc      0x188 Drivers/STM32F1xx_HAL_Driver/Src/stm32f1xx_hal_tim.o
                0x00000000080045fc                HAL_TIM_ConfigClockSource
 .text.HAL_TIM_OC_DelayElapsedCallback
                0x0000000008004784       0x12 Drivers/STM32F1xx_HAL_Driver/Src/stm32f1xx_hal_tim.o
                0x0000000008004784                HAL_TIM_OC_DelayElapsedCallback
 .text.HAL_TIM_IC_CaptureCallback
                0x0000000008004796       0x12 Drivers/STM32F1xx_HAL_Driver/Src/stm32f1xx_hal_tim.o
                0x0000000008004796                HAL_TIM_IC_CaptureCallback
 .text.HAL_TIM_PWM_PulseFinishedCallback
                0x00000000080047a8       0x12 Drivers/STM32F1xx_HAL_Driver/Src/stm32f1xx_hal_tim.o
                0x00000000080047a8                HAL_TIM_PWM_PulseFinishedCallback
 .text.HAL_TIM_TriggerCallback
                0x00000000080047ba       0x12 Drivers/STM32F1xx_HAL_Driver/Src/stm32f1xx_hal_tim.o
                0x00000000080047ba                HAL_TIM_TriggerCallback
 .text.TIM_Base_SetConfig
                0x00000000080047cc       0xc4 Drivers/STM32F1xx_HAL_Driver/Src/stm32f1xx_hal_tim.o
                0x00000000080047cc                TIM_Base_SetConfig
 .text.TIM_OC1_SetConfig
                0x0000000008004890       0xcc Drivers/STM32F1xx_HAL_Driver/Src/stm32f1xx_hal_tim.o
 .text.TIM_OC2_SetConfig
                0x000000000800495c       0xd4 Drivers/STM32F1xx_HAL_Driver/Src/stm32f1xx_hal_tim.o
                0x000000000800495c                TIM_OC2_SetConfig
 .text.TIM_OC3_SetConfig
                0x0000000008004a30       0xd4 Drivers/STM32F1xx_HAL_Driver/Src/stm32f1xx_hal_tim.o
 .text.TIM_OC4_SetConfig
                0x0000000008004b04       0x9c Drivers/STM32F1xx_HAL_Driver/Src/stm32f1xx_hal_tim.o
 .text.TIM_TI1_ConfigInputStage
                0x0000000008004ba0       0x5c Drivers/STM32F1xx_HAL_Driver/Src/stm32f1xx_hal_tim.o
 .text.TIM_TI2_ConfigInputStage
                0x0000000008004bfc       0x5e Drivers/STM32F1xx_HAL_Driver/Src/stm32f1xx_hal_tim.o
 .text.TIM_ITRx_SetConfig
                0x0000000008004c5a       0x34 Drivers/STM32F1xx_HAL_Driver/Src/stm32f1xx_hal_tim.o
 .text.TIM_ETR_SetConfig
                0x0000000008004c8e       0x3e Drivers/STM32F1xx_HAL_Driver/Src/stm32f1xx_hal_tim.o
                0x0000000008004c8e                TIM_ETR_SetConfig
 .text.TIM_CCxChannelCmd
                0x0000000008004ccc       0x48 Drivers/STM32F1xx_HAL_Driver/Src/stm32f1xx_hal_tim.o
                0x0000000008004ccc                TIM_CCxChannelCmd
 .text.HAL_TIMEx_MasterConfigSynchronization
                0x0000000008004d14       0xbc Drivers/STM32F1xx_HAL_Driver/Src/stm32f1xx_hal_tim_ex.o
                0x0000000008004d14                HAL_TIMEx_MasterConfigSynchronization
 .text.HAL_TIMEx_CommutCallback
                0x0000000008004dd0       0x12 Drivers/STM32F1xx_HAL_Driver/Src/stm32f1xx_hal_tim_ex.o
                0x0000000008004dd0                HAL_TIMEx_CommutCallback
 .text.HAL_TIMEx_BreakCallback
                0x0000000008004de2       0x12 Drivers/STM32F1xx_HAL_Driver/Src/stm32f1xx_hal_tim_ex.o
                0x0000000008004de2                HAL_TIMEx_BreakCallback
 .text.HAL_UART_Init
                0x0000000008004df4       0x9a Drivers/STM32F1xx_HAL_Driver/Src/stm32f1xx_hal_uart.o
                0x0000000008004df4                HAL_UART_Init
 *fill*         0x0000000008004e8e        0x2 
 .text.UART_SetConfig
                0x0000000008004e90      0x11c Drivers/STM32F1xx_HAL_Driver/Src/stm32f1xx_hal_uart.o
 .text.__libc_init_array
                0x0000000008004fac       0x48 c:/st/stm32cubeide_1.6.1/stm32cubeide/plugins/com.st.stm32cube.ide.mcu.externaltools.gnu-tools-for-stm32.9-2020-q2-update.win32_1.5.0.202011040924/tools/bin/../lib/gcc/arm-none-eabi/9.3.1/../../../../arm-none-eabi/lib/thumb/v7-m/nofp\libc_nano.a(lib_a-init.o)
                0x0000000008004fac                __libc_init_array
 .text.memset   0x0000000008004ff4       0x10 c:/st/stm32cubeide_1.6.1/stm32cubeide/plugins/com.st.stm32cube.ide.mcu.externaltools.gnu-tools-for-stm32.9-2020-q2-update.win32_1.5.0.202011040924/tools/bin/../lib/gcc/arm-none-eabi/9.3.1/../../../../arm-none-eabi/lib/thumb/v7-m/nofp\libc_nano.a(lib_a-memset.o)
                0x0000000008004ff4                memset
 .text.cos      0x0000000008005004       0x84 c:/st/stm32cubeide_1.6.1/stm32cubeide/plugins/com.st.stm32cube.ide.mcu.externaltools.gnu-tools-for-stm32.9-2020-q2-update.win32_1.5.0.202011040924/tools/bin/../lib/gcc/arm-none-eabi/9.3.1/../../../../arm-none-eabi/lib/thumb/v7-m/nofp\libm.a(lib_a-s_cos.o)
                0x0000000008005004                cos
 .text.sin      0x0000000008005088       0x8c c:/st/stm32cubeide_1.6.1/stm32cubeide/plugins/com.st.stm32cube.ide.mcu.externaltools.gnu-tools-for-stm32.9-2020-q2-update.win32_1.5.0.202011040924/tools/bin/../lib/gcc/arm-none-eabi/9.3.1/../../../../arm-none-eabi/lib/thumb/v7-m/nofp\libm.a(lib_a-s_sin.o)
                0x0000000008005088                sin
 *fill*         0x0000000008005114        0x4 
 .text.__ieee754_rem_pio2
                0x0000000008005118      0x3e0 c:/st/stm32cubeide_1.6.1/stm32cubeide/plugins/com.st.stm32cube.ide.mcu.externaltools.gnu-tools-for-stm32.9-2020-q2-update.win32_1.5.0.202011040924/tools/bin/../lib/gcc/arm-none-eabi/9.3.1/../../../../arm-none-eabi/lib/thumb/v7-m/nofp\libm.a(lib_a-e_rem_pio2.o)
                0x0000000008005118                __ieee754_rem_pio2
 .text.__kernel_cos
                0x00000000080054f8      0x17c c:/st/stm32cubeide_1.6.1/stm32cubeide/plugins/com.st.stm32cube.ide.mcu.externaltools.gnu-tools-for-stm32.9-2020-q2-update.win32_1.5.0.202011040924/tools/bin/../lib/gcc/arm-none-eabi/9.3.1/../../../../arm-none-eabi/lib/thumb/v7-m/nofp\libm.a(lib_a-k_cos.o)
                0x00000000080054f8                __kernel_cos
 .text.__kernel_rem_pio2
                0x0000000008005674      0x690 c:/st/stm32cubeide_1.6.1/stm32cubeide/plugins/com.st.stm32cube.ide.mcu.externaltools.gnu-tools-for-stm32.9-2020-q2-update.win32_1.5.0.202011040924/tools/bin/../lib/gcc/arm-none-eabi/9.3.1/../../../../arm-none-eabi/lib/thumb/v7-m/nofp\libm.a(lib_a-k_rem_pio2.o)
                0x0000000008005674                __kernel_rem_pio2
 *fill*         0x0000000008005d04        0x4 
 .text.__kernel_sin
                0x0000000008005d08      0x16c c:/st/stm32cubeide_1.6.1/stm32cubeide/plugins/com.st.stm32cube.ide.mcu.externaltools.gnu-tools-for-stm32.9-2020-q2-update.win32_1.5.0.202011040924/tools/bin/../lib/gcc/arm-none-eabi/9.3.1/../../../../arm-none-eabi/lib/thumb/v7-m/nofp\libm.a(lib_a-k_sin.o)
                0x0000000008005d08                __kernel_sin
 .text.fabs     0x0000000008005e74        0x6 c:/st/stm32cubeide_1.6.1/stm32cubeide/plugins/com.st.stm32cube.ide.mcu.externaltools.gnu-tools-for-stm32.9-2020-q2-update.win32_1.5.0.202011040924/tools/bin/../lib/gcc/arm-none-eabi/9.3.1/../../../../arm-none-eabi/lib/thumb/v7-m/nofp\libm.a(lib_a-s_fabs.o)
                0x0000000008005e74                fabs
 *fill*         0x0000000008005e7a        0x6 
 .text.floor    0x0000000008005e80      0x100 c:/st/stm32cubeide_1.6.1/stm32cubeide/plugins/com.st.stm32cube.ide.mcu.externaltools.gnu-tools-for-stm32.9-2020-q2-update.win32_1.5.0.202011040924/tools/bin/../lib/gcc/arm-none-eabi/9.3.1/../../../../arm-none-eabi/lib/thumb/v7-m/nofp\libm.a(lib_a-s_floor.o)
                0x0000000008005e80                floor
 .text.scalbn   0x0000000008005f80      0x10c c:/st/stm32cubeide_1.6.1/stm32cubeide/plugins/com.st.stm32cube.ide.mcu.externaltools.gnu-tools-for-stm32.9-2020-q2-update.win32_1.5.0.202011040924/tools/bin/../lib/gcc/arm-none-eabi/9.3.1/../../../../arm-none-eabi/lib/thumb/v7-m/nofp\libm.a(lib_a-s_scalbn.o)
                0x0000000008005f80                scalbn
 *(.glue_7)
 .glue_7        0x000000000800608c        0x0 linker stubs
 *(.glue_7t)
 .glue_7t       0x000000000800608c        0x0 linker stubs
 *(.eh_frame)
 .eh_frame      0x000000000800608c        0x0 c:/st/stm32cubeide_1.6.1/stm32cubeide/plugins/com.st.stm32cube.ide.mcu.externaltools.gnu-tools-for-stm32.9-2020-q2-update.win32_1.5.0.202011040924/tools/bin/../lib/gcc/arm-none-eabi/9.3.1/thumb/v7-m/nofp/crtbegin.o
 *(.init)
 .init          0x000000000800608c        0x4 c:/st/stm32cubeide_1.6.1/stm32cubeide/plugins/com.st.stm32cube.ide.mcu.externaltools.gnu-tools-for-stm32.9-2020-q2-update.win32_1.5.0.202011040924/tools/bin/../lib/gcc/arm-none-eabi/9.3.1/thumb/v7-m/nofp/crti.o
                0x000000000800608c                _init
 .init          0x0000000008006090        0x8 c:/st/stm32cubeide_1.6.1/stm32cubeide/plugins/com.st.stm32cube.ide.mcu.externaltools.gnu-tools-for-stm32.9-2020-q2-update.win32_1.5.0.202011040924/tools/bin/../lib/gcc/arm-none-eabi/9.3.1/thumb/v7-m/nofp/crtn.o
 *(.fini)
 .fini          0x0000000008006098        0x4 c:/st/stm32cubeide_1.6.1/stm32cubeide/plugins/com.st.stm32cube.ide.mcu.externaltools.gnu-tools-for-stm32.9-2020-q2-update.win32_1.5.0.202011040924/tools/bin/../lib/gcc/arm-none-eabi/9.3.1/thumb/v7-m/nofp/crti.o
                0x0000000008006098                _fini
 .fini          0x000000000800609c        0x8 c:/st/stm32cubeide_1.6.1/stm32cubeide/plugins/com.st.stm32cube.ide.mcu.externaltools.gnu-tools-for-stm32.9-2020-q2-update.win32_1.5.0.202011040924/tools/bin/../lib/gcc/arm-none-eabi/9.3.1/thumb/v7-m/nofp/crtn.o
                0x00000000080060a4                . = ALIGN (0x4)
                0x00000000080060a4                _etext = .

.vfp11_veneer   0x00000000080060a4        0x0
 .vfp11_veneer  0x00000000080060a4        0x0 linker stubs

.v4_bx          0x00000000080060a4        0x0
 .v4_bx         0x00000000080060a4        0x0 linker stubs

.iplt           0x00000000080060a4        0x0
 .iplt          0x00000000080060a4        0x0 c:/st/stm32cubeide_1.6.1/stm32cubeide/plugins/com.st.stm32cube.ide.mcu.externaltools.gnu-tools-for-stm32.9-2020-q2-update.win32_1.5.0.202011040924/tools/bin/../lib/gcc/arm-none-eabi/9.3.1/thumb/v7-m/nofp/crtbegin.o

.rodata         0x00000000080060a8      0x428
                0x00000000080060a8                . = ALIGN (0x4)
 *(.rodata)
 .rodata        0x00000000080060a8       0x43 Core/Src/main.o
 *fill*         0x00000000080060eb        0x1 
 .rodata        0x00000000080060ec       0x10 Drivers/STM32F1xx_HAL_Driver/Src/stm32f1xx_hal_rcc.o
 *(.rodata*)
 .rodata.font_ASCII
                0x00000000080060fc      0x1e0 Core/Src/font.o
                0x00000000080060fc                font_ASCII
 .rodata.AHBPrescTable
                0x00000000080062dc       0x10 Core/Src/system_stm32f1xx.o
                0x00000000080062dc                AHBPrescTable
 .rodata.APBPrescTable
                0x00000000080062ec        0x8 Core/Src/system_stm32f1xx.o
                0x00000000080062ec                APBPrescTable
 .rodata.npio2_hw
                0x00000000080062f4       0x80 c:/st/stm32cubeide_1.6.1/stm32cubeide/plugins/com.st.stm32cube.ide.mcu.externaltools.gnu-tools-for-stm32.9-2020-q2-update.win32_1.5.0.202011040924/tools/bin/../lib/gcc/arm-none-eabi/9.3.1/../../../../arm-none-eabi/lib/thumb/v7-m/nofp\libm.a(lib_a-e_rem_pio2.o)
 .rodata.two_over_pi
                0x0000000008006374      0x108 c:/st/stm32cubeide_1.6.1/stm32cubeide/plugins/com.st.stm32cube.ide.mcu.externaltools.gnu-tools-for-stm32.9-2020-q2-update.win32_1.5.0.202011040924/tools/bin/../lib/gcc/arm-none-eabi/9.3.1/../../../../arm-none-eabi/lib/thumb/v7-m/nofp\libm.a(lib_a-e_rem_pio2.o)
 *fill*         0x000000000800647c        0x4 
 .rodata.PIo2   0x0000000008006480       0x40 c:/st/stm32cubeide_1.6.1/stm32cubeide/plugins/com.st.stm32cube.ide.mcu.externaltools.gnu-tools-for-stm32.9-2020-q2-update.win32_1.5.0.202011040924/tools/bin/../lib/gcc/arm-none-eabi/9.3.1/../../../../arm-none-eabi/lib/thumb/v7-m/nofp\libm.a(lib_a-k_rem_pio2.o)
 .rodata.init_jk
                0x00000000080064c0       0x10 c:/st/stm32cubeide_1.6.1/stm32cubeide/plugins/com.st.stm32cube.ide.mcu.externaltools.gnu-tools-for-stm32.9-2020-q2-update.win32_1.5.0.202011040924/tools/bin/../lib/gcc/arm-none-eabi/9.3.1/../../../../arm-none-eabi/lib/thumb/v7-m/nofp\libm.a(lib_a-k_rem_pio2.o)
                0x00000000080064d0                . = ALIGN (0x4)

.rel.dyn        0x00000000080064d0        0x0
 .rel.iplt      0x00000000080064d0        0x0 c:/st/stm32cubeide_1.6.1/stm32cubeide/plugins/com.st.stm32cube.ide.mcu.externaltools.gnu-tools-for-stm32.9-2020-q2-update.win32_1.5.0.202011040924/tools/bin/../lib/gcc/arm-none-eabi/9.3.1/thumb/v7-m/nofp/crtbegin.o

.ARM.extab      0x00000000080064d0        0x0
                0x00000000080064d0                . = ALIGN (0x4)
 *(.ARM.extab* .gnu.linkonce.armextab.*)
                0x00000000080064d0                . = ALIGN (0x4)

.ARM            0x00000000080064d0        0x0
                0x00000000080064d0                . = ALIGN (0x4)
                0x00000000080064d0                __exidx_start = .
 *(.ARM.exidx*)
                0x00000000080064d0                __exidx_end = .
                0x00000000080064d0                . = ALIGN (0x4)

.preinit_array  0x00000000080064d0        0x0
                0x00000000080064d0                . = ALIGN (0x4)
                0x00000000080064d0                PROVIDE (__preinit_array_start = .)
 *(.preinit_array*)
                0x00000000080064d0                PROVIDE (__preinit_array_end = .)
                0x00000000080064d0                . = ALIGN (0x4)

.init_array     0x00000000080064d0        0x4
                0x00000000080064d0                . = ALIGN (0x4)
                0x00000000080064d0                PROVIDE (__init_array_start = .)
 *(SORT_BY_NAME(.init_array.*))
 *(.init_array*)
 .init_array    0x00000000080064d0        0x4 c:/st/stm32cubeide_1.6.1/stm32cubeide/plugins/com.st.stm32cube.ide.mcu.externaltools.gnu-tools-for-stm32.9-2020-q2-update.win32_1.5.0.202011040924/tools/bin/../lib/gcc/arm-none-eabi/9.3.1/thumb/v7-m/nofp/crtbegin.o
                0x00000000080064d4                PROVIDE (__init_array_end = .)
                0x00000000080064d4                . = ALIGN (0x4)

.fini_array     0x00000000080064d4        0x4
                0x00000000080064d4                . = ALIGN (0x4)
                [!provide]                        PROVIDE (__fini_array_start = .)
 *(SORT_BY_NAME(.fini_array.*))
 *(.fini_array*)
 .fini_array    0x00000000080064d4        0x4 c:/st/stm32cubeide_1.6.1/stm32cubeide/plugins/com.st.stm32cube.ide.mcu.externaltools.gnu-tools-for-stm32.9-2020-q2-update.win32_1.5.0.202011040924/tools/bin/../lib/gcc/arm-none-eabi/9.3.1/thumb/v7-m/nofp/crtbegin.o
                [!provide]                        PROVIDE (__fini_array_end = .)
                0x00000000080064d8                . = ALIGN (0x4)
                0x00000000080064d8                _sidata = LOADADDR (.data)

.data           0x0000000020000000       0x6c load address 0x00000000080064d8
                0x0000000020000000                . = ALIGN (0x4)
                0x0000000020000000                _sdata = .
 *(.data)
 *(.data*)
 .data.napis1   0x0000000020000000        0xe Core/Src/main.o
                0x0000000020000000                napis1
 *fill*         0x000000002000000e        0x2 
 .data.napis2   0x0000000020000010        0xf Core/Src/main.o
                0x0000000020000010                napis2
 *fill*         0x000000002000001f        0x1 
 .data.napis3   0x0000000020000020        0xf Core/Src/main.o
                0x0000000020000020                napis3
 *fill*         0x000000002000002f        0x1 
 .data.napis4   0x0000000020000030        0xe Core/Src/main.o
                0x0000000020000030                napis4
 *fill*         0x000000002000003e        0x2 
 .data.napis5   0x0000000020000040        0xe Core/Src/main.o
                0x0000000020000040                napis5
 *fill*         0x000000002000004e        0x2 
 .data.d_kola   0x0000000020000050        0x8 Core/Src/main.o
                0x0000000020000050                d_kola
 .data.rozstaw  0x0000000020000058        0x8 Core/Src/main.o
                0x0000000020000058                rozstaw
 .data.SystemCoreClock
                0x0000000020000060        0x4 Core/Src/system_stm32f1xx.o
                0x0000000020000060                SystemCoreClock
 .data.uwTickPrio
                0x0000000020000064        0x4 Drivers/STM32F1xx_HAL_Driver/Src/stm32f1xx_hal.o
                0x0000000020000064                uwTickPrio
 .data.uwTickFreq
                0x0000000020000068        0x1 Drivers/STM32F1xx_HAL_Driver/Src/stm32f1xx_hal.o
                0x0000000020000068                uwTickFreq
 *(.RamFunc)
 *(.RamFunc*)
                0x000000002000006c                . = ALIGN (0x4)
 *fill*         0x0000000020000069        0x3 
                0x000000002000006c                _edata = .

.igot.plt       0x000000002000006c        0x0 load address 0x0000000008006544
 .igot.plt      0x000000002000006c        0x0 c:/st/stm32cubeide_1.6.1/stm32cubeide/plugins/com.st.stm32cube.ide.mcu.externaltools.gnu-tools-for-stm32.9-2020-q2-update.win32_1.5.0.202011040924/tools/bin/../lib/gcc/arm-none-eabi/9.3.1/thumb/v7-m/nofp/crtbegin.o
                0x000000002000006c                . = ALIGN (0x4)

.bss            0x0000000020000070      0x464 load address 0x0000000008006544
                0x0000000020000070                _sbss = .
                0x0000000020000070                __bss_start__ = _sbss
 *(.bss)
 .bss           0x0000000020000070       0x1c c:/st/stm32cubeide_1.6.1/stm32cubeide/plugins/com.st.stm32cube.ide.mcu.externaltools.gnu-tools-for-stm32.9-2020-q2-update.win32_1.5.0.202011040924/tools/bin/../lib/gcc/arm-none-eabi/9.3.1/thumb/v7-m/nofp/crtbegin.o
 *(.bss*)
 .bss.lcd_buffer
                0x000000002000008c      0x1f8 Core/Src/lcd.o
 .bss.time      0x0000000020000284        0x4 Core/Src/main.o
                0x0000000020000284                time
 .bss.sec       0x0000000020000288        0x2 Core/Src/main.o
                0x0000000020000288                sec
 .bss.rot_e     0x000000002000028a        0x2 Core/Src/main.o
                0x000000002000028a                rot_e
 .bss.ang_e     0x000000002000028c        0x2 Core/Src/main.o
                0x000000002000028c                ang_e
 .bss.milsec    0x000000002000028e        0x2 Core/Src/main.o
                0x000000002000028e                milsec
 .bss.velocity  0x0000000020000290        0x8 Core/Src/main.o
                0x0000000020000290                velocity
 .bss.angular_velocity
                0x0000000020000298        0x8 Core/Src/main.o
                0x0000000020000298                angular_velocity
 .bss.last_state_1
                0x00000000200002a0        0x2 Core/Src/main.o
                0x00000000200002a0                last_state_1
 .bss.last_state_2
                0x00000000200002a2        0x2 Core/Src/main.o
                0x00000000200002a2                last_state_2
 *(COMMON)
 COMMON         0x00000000200002a4       0x58 Core/Src/lcd.o
                0x00000000200002a4                hspi2
 *fill*         0x00000000200002fc        0x4 
 COMMON         0x0000000020000300      0x1d0 Core/Src/main.o
                0x0000000020000300                D
                0x0000000020000308                rot
                0x0000000020000310                v_e
                0x0000000020000312                y_e
                0x0000000020000318                rot_d
                0x0000000020000320                x_n
                0x0000000020000328                htim3
                0x0000000020000370                x_e
                0x0000000020000374                napiecie1
                0x0000000020000378                hadc1
                0x00000000200003a8                i
                0x00000000200003b0                D_last
                0x00000000200003b8                test
                0x00000000200003c0                Dp
                0x00000000200003c8                last_rot
                0x00000000200003d0                y_n
                0x00000000200003d8                htim1
                0x0000000020000420                pulse_count_1
                0x0000000020000424                htim2
                0x000000002000046c                huart2
                0x00000000200004b0                Dl
                0x00000000200004b8                pulse_count_2
                0x00000000200004c0                delta_rot
                0x00000000200004c8                delta_D
 COMMON         0x00000000200004d0        0x4 Drivers/STM32F1xx_HAL_Driver/Src/stm32f1xx_hal.o
                0x00000000200004d0                uwTick
                0x00000000200004d4                . = ALIGN (0x4)
                0x00000000200004d4                _ebss = .
                0x00000000200004d4                __bss_end__ = _ebss

._user_heap_stack
                0x00000000200004d4      0x604 load address 0x0000000008006544
                0x00000000200004d8                . = ALIGN (0x8)
 *fill*         0x00000000200004d4        0x4 
                [!provide]                        PROVIDE (end = .)
                0x00000000200004d8                PROVIDE (_end = .)
                0x00000000200006d8                . = (. + _Min_Heap_Size)
 *fill*         0x00000000200004d8      0x200 
                0x0000000020000ad8                . = (. + _Min_Stack_Size)
 *fill*         0x00000000200006d8      0x400 
                0x0000000020000ad8                . = ALIGN (0x8)

/DISCARD/
 libc.a(*)
 libm.a(*)
 libgcc.a(*)

.ARM.attributes
                0x0000000000000000       0x29
 *(.ARM.attributes)
 .ARM.attributes
                0x0000000000000000       0x1d c:/st/stm32cubeide_1.6.1/stm32cubeide/plugins/com.st.stm32cube.ide.mcu.externaltools.gnu-tools-for-stm32.9-2020-q2-update.win32_1.5.0.202011040924/tools/bin/../lib/gcc/arm-none-eabi/9.3.1/thumb/v7-m/nofp/crti.o
 .ARM.attributes
                0x000000000000001d       0x2d c:/st/stm32cubeide_1.6.1/stm32cubeide/plugins/com.st.stm32cube.ide.mcu.externaltools.gnu-tools-for-stm32.9-2020-q2-update.win32_1.5.0.202011040924/tools/bin/../lib/gcc/arm-none-eabi/9.3.1/thumb/v7-m/nofp/crtbegin.o
 .ARM.attributes
                0x000000000000004a       0x33 Core/Src/font.o
 .ARM.attributes
                0x000000000000007d       0x2d Core/Src/lcd.o
 .ARM.attributes
                0x00000000000000aa       0x2d Core/Src/main.o
 .ARM.attributes
                0x00000000000000d7       0x2d Core/Src/stm32f1xx_hal_msp.o
 .ARM.attributes
                0x0000000000000104       0x2d Core/Src/stm32f1xx_it.o
 .ARM.attributes
                0x0000000000000131       0x2d Core/Src/system_stm32f1xx.o
 .ARM.attributes
                0x000000000000015e       0x21 Core/Startup/startup_stm32f103rbtx.o
 .ARM.attributes
                0x000000000000017f       0x2d Drivers/STM32F1xx_HAL_Driver/Src/stm32f1xx_hal.o
 .ARM.attributes
                0x00000000000001ac       0x2d Drivers/STM32F1xx_HAL_Driver/Src/stm32f1xx_hal_adc.o
 .ARM.attributes
                0x00000000000001d9       0x2d Drivers/STM32F1xx_HAL_Driver/Src/stm32f1xx_hal_cortex.o
 .ARM.attributes
                0x0000000000000206       0x2d Drivers/STM32F1xx_HAL_Driver/Src/stm32f1xx_hal_gpio.o
 .ARM.attributes
                0x0000000000000233       0x2d Drivers/STM32F1xx_HAL_Driver/Src/stm32f1xx_hal_rcc.o
 .ARM.attributes
                0x0000000000000260       0x2d Drivers/STM32F1xx_HAL_Driver/Src/stm32f1xx_hal_rcc_ex.o
 .ARM.attributes
                0x000000000000028d       0x2d Drivers/STM32F1xx_HAL_Driver/Src/stm32f1xx_hal_spi.o
 .ARM.attributes
                0x00000000000002ba       0x2d Drivers/STM32F1xx_HAL_Driver/Src/stm32f1xx_hal_tim.o
 .ARM.attributes
                0x00000000000002e7       0x2d Drivers/STM32F1xx_HAL_Driver/Src/stm32f1xx_hal_tim_ex.o
 .ARM.attributes
                0x0000000000000314       0x2d Drivers/STM32F1xx_HAL_Driver/Src/stm32f1xx_hal_uart.o
 .ARM.attributes
                0x0000000000000341       0x2d c:/st/stm32cubeide_1.6.1/stm32cubeide/plugins/com.st.stm32cube.ide.mcu.externaltools.gnu-tools-for-stm32.9-2020-q2-update.win32_1.5.0.202011040924/tools/bin/../lib/gcc/arm-none-eabi/9.3.1/../../../../arm-none-eabi/lib/thumb/v7-m/nofp\libc_nano.a(lib_a-init.o)
 .ARM.attributes
                0x000000000000036e       0x2d c:/st/stm32cubeide_1.6.1/stm32cubeide/plugins/com.st.stm32cube.ide.mcu.externaltools.gnu-tools-for-stm32.9-2020-q2-update.win32_1.5.0.202011040924/tools/bin/../lib/gcc/arm-none-eabi/9.3.1/../../../../arm-none-eabi/lib/thumb/v7-m/nofp\libc_nano.a(lib_a-memset.o)
 .ARM.attributes
                0x000000000000039b       0x2d c:/st/stm32cubeide_1.6.1/stm32cubeide/plugins/com.st.stm32cube.ide.mcu.externaltools.gnu-tools-for-stm32.9-2020-q2-update.win32_1.5.0.202011040924/tools/bin/../lib/gcc/arm-none-eabi/9.3.1/../../../../arm-none-eabi/lib/thumb/v7-m/nofp\libm.a(lib_a-s_cos.o)
 .ARM.attributes
                0x00000000000003c8       0x2d c:/st/stm32cubeide_1.6.1/stm32cubeide/plugins/com.st.stm32cube.ide.mcu.externaltools.gnu-tools-for-stm32.9-2020-q2-update.win32_1.5.0.202011040924/tools/bin/../lib/gcc/arm-none-eabi/9.3.1/../../../../arm-none-eabi/lib/thumb/v7-m/nofp\libm.a(lib_a-s_sin.o)
 .ARM.attributes
                0x00000000000003f5       0x2d c:/st/stm32cubeide_1.6.1/stm32cubeide/plugins/com.st.stm32cube.ide.mcu.externaltools.gnu-tools-for-stm32.9-2020-q2-update.win32_1.5.0.202011040924/tools/bin/../lib/gcc/arm-none-eabi/9.3.1/../../../../arm-none-eabi/lib/thumb/v7-m/nofp\libm.a(lib_a-e_rem_pio2.o)
 .ARM.attributes
                0x0000000000000422       0x2d c:/st/stm32cubeide_1.6.1/stm32cubeide/plugins/com.st.stm32cube.ide.mcu.externaltools.gnu-tools-for-stm32.9-2020-q2-update.win32_1.5.0.202011040924/tools/bin/../lib/gcc/arm-none-eabi/9.3.1/../../../../arm-none-eabi/lib/thumb/v7-m/nofp\libm.a(lib_a-k_cos.o)
 .ARM.attributes
                0x000000000000044f       0x2d c:/st/stm32cubeide_1.6.1/stm32cubeide/plugins/com.st.stm32cube.ide.mcu.externaltools.gnu-tools-for-stm32.9-2020-q2-update.win32_1.5.0.202011040924/tools/bin/../lib/gcc/arm-none-eabi/9.3.1/../../../../arm-none-eabi/lib/thumb/v7-m/nofp\libm.a(lib_a-k_rem_pio2.o)
 .ARM.attributes
                0x000000000000047c       0x2d c:/st/stm32cubeide_1.6.1/stm32cubeide/plugins/com.st.stm32cube.ide.mcu.externaltools.gnu-tools-for-stm32.9-2020-q2-update.win32_1.5.0.202011040924/tools/bin/../lib/gcc/arm-none-eabi/9.3.1/../../../../arm-none-eabi/lib/thumb/v7-m/nofp\libm.a(lib_a-k_sin.o)
 .ARM.attributes
                0x00000000000004a9       0x2d c:/st/stm32cubeide_1.6.1/stm32cubeide/plugins/com.st.stm32cube.ide.mcu.externaltools.gnu-tools-for-stm32.9-2020-q2-update.win32_1.5.0.202011040924/tools/bin/../lib/gcc/arm-none-eabi/9.3.1/../../../../arm-none-eabi/lib/thumb/v7-m/nofp\libm.a(lib_a-s_fabs.o)
 .ARM.attributes
                0x00000000000004d6       0x2d c:/st/stm32cubeide_1.6.1/stm32cubeide/plugins/com.st.stm32cube.ide.mcu.externaltools.gnu-tools-for-stm32.9-2020-q2-update.win32_1.5.0.202011040924/tools/bin/../lib/gcc/arm-none-eabi/9.3.1/../../../../arm-none-eabi/lib/thumb/v7-m/nofp\libm.a(lib_a-s_floor.o)
 .ARM.attributes
                0x0000000000000503       0x2d c:/st/stm32cubeide_1.6.1/stm32cubeide/plugins/com.st.stm32cube.ide.mcu.externaltools.gnu-tools-for-stm32.9-2020-q2-update.win32_1.5.0.202011040924/tools/bin/../lib/gcc/arm-none-eabi/9.3.1/../../../../arm-none-eabi/lib/thumb/v7-m/nofp\libm.a(lib_a-s_scalbn.o)
 .ARM.attributes
                0x0000000000000530       0x1d c:/st/stm32cubeide_1.6.1/stm32cubeide/plugins/com.st.stm32cube.ide.mcu.externaltools.gnu-tools-for-stm32.9-2020-q2-update.win32_1.5.0.202011040924/tools/bin/../lib/gcc/arm-none-eabi/9.3.1/thumb/v7-m/nofp\libgcc.a(_arm_addsubdf3.o)
 .ARM.attributes
                0x000000000000054d       0x1d c:/st/stm32cubeide_1.6.1/stm32cubeide/plugins/com.st.stm32cube.ide.mcu.externaltools.gnu-tools-for-stm32.9-2020-q2-update.win32_1.5.0.202011040924/tools/bin/../lib/gcc/arm-none-eabi/9.3.1/thumb/v7-m/nofp\libgcc.a(_arm_muldivdf3.o)
 .ARM.attributes
                0x000000000000056a       0x1d c:/st/stm32cubeide_1.6.1/stm32cubeide/plugins/com.st.stm32cube.ide.mcu.externaltools.gnu-tools-for-stm32.9-2020-q2-update.win32_1.5.0.202011040924/tools/bin/../lib/gcc/arm-none-eabi/9.3.1/thumb/v7-m/nofp\libgcc.a(_arm_cmpdf2.o)
 .ARM.attributes
                0x0000000000000587       0x1d c:/st/stm32cubeide_1.6.1/stm32cubeide/plugins/com.st.stm32cube.ide.mcu.externaltools.gnu-tools-for-stm32.9-2020-q2-update.win32_1.5.0.202011040924/tools/bin/../lib/gcc/arm-none-eabi/9.3.1/thumb/v7-m/nofp\libgcc.a(_arm_fixdfsi.o)
 .ARM.attributes
                0x00000000000005a4       0x1d c:/st/stm32cubeide_1.6.1/stm32cubeide/plugins/com.st.stm32cube.ide.mcu.externaltools.gnu-tools-for-stm32.9-2020-q2-update.win32_1.5.0.202011040924/tools/bin/../lib/gcc/arm-none-eabi/9.3.1/thumb/v7-m/nofp/crtn.o
OUTPUT(pas4_projekt1_cube.elf elf32-littlearm)
LOAD linker stubs
LOAD c:/st/stm32cubeide_1.6.1/stm32cubeide/plugins/com.st.stm32cube.ide.mcu.externaltools.gnu-tools-for-stm32.9-2020-q2-update.win32_1.5.0.202011040924/tools/bin/../lib/gcc/arm-none-eabi/9.3.1/../../../../arm-none-eabi/lib/thumb/v7-m/nofp\libc.a
LOAD c:/st/stm32cubeide_1.6.1/stm32cubeide/plugins/com.st.stm32cube.ide.mcu.externaltools.gnu-tools-for-stm32.9-2020-q2-update.win32_1.5.0.202011040924/tools/bin/../lib/gcc/arm-none-eabi/9.3.1/../../../../arm-none-eabi/lib/thumb/v7-m/nofp\libm.a
LOAD c:/st/stm32cubeide_1.6.1/stm32cubeide/plugins/com.st.stm32cube.ide.mcu.externaltools.gnu-tools-for-stm32.9-2020-q2-update.win32_1.5.0.202011040924/tools/bin/../lib/gcc/arm-none-eabi/9.3.1/thumb/v7-m/nofp\libgcc.a

.debug_info     0x0000000000000000     0xf07c
 .debug_info    0x0000000000000000       0xb4 Core/Src/font.o
 .debug_info    0x00000000000000b4     0x10df Core/Src/lcd.o
 .debug_info    0x0000000000001193     0x2265 Core/Src/main.o
 .debug_info    0x00000000000033f8     0x149b Core/Src/stm32f1xx_hal_msp.o
 .debug_info    0x0000000000004893      0x7de Core/Src/stm32f1xx_it.o
 .debug_info    0x0000000000005071      0x2be Core/Src/system_stm32f1xx.o
 .debug_info    0x000000000000532f       0x22 Core/Startup/startup_stm32f103rbtx.o
 .debug_info    0x0000000000005351      0x76a Drivers/STM32F1xx_HAL_Driver/Src/stm32f1xx_hal.o
 .debug_info    0x0000000000005abb      0xd2d Drivers/STM32F1xx_HAL_Driver/Src/stm32f1xx_hal_adc.o
 .debug_info    0x00000000000067e8      0xbdc Drivers/STM32F1xx_HAL_Driver/Src/stm32f1xx_hal_cortex.o
 .debug_info    0x00000000000073c4      0x701 Drivers/STM32F1xx_HAL_Driver/Src/stm32f1xx_hal_gpio.o
 .debug_info    0x0000000000007ac5      0x88e Drivers/STM32F1xx_HAL_Driver/Src/stm32f1xx_hal_rcc.o
 .debug_info    0x0000000000008353      0x480 Drivers/STM32F1xx_HAL_Driver/Src/stm32f1xx_hal_rcc_ex.o
 .debug_info    0x00000000000087d3     0x16af Drivers/STM32F1xx_HAL_Driver/Src/stm32f1xx_hal_spi.o
 .debug_info    0x0000000000009e82     0x2a43 Drivers/STM32F1xx_HAL_Driver/Src/stm32f1xx_hal_tim.o
 .debug_info    0x000000000000c8c5     0x1495 Drivers/STM32F1xx_HAL_Driver/Src/stm32f1xx_hal_tim_ex.o
 .debug_info    0x000000000000dd5a     0x1322 Drivers/STM32F1xx_HAL_Driver/Src/stm32f1xx_hal_uart.o

.debug_abbrev   0x0000000000000000     0x2190
 .debug_abbrev  0x0000000000000000       0x76 Core/Src/font.o
 .debug_abbrev  0x0000000000000076      0x286 Core/Src/lcd.o
 .debug_abbrev  0x00000000000002fc      0x32d Core/Src/main.o
 .debug_abbrev  0x0000000000000629      0x206 Core/Src/stm32f1xx_hal_msp.o
 .debug_abbrev  0x000000000000082f      0x176 Core/Src/stm32f1xx_it.o
 .debug_abbrev  0x00000000000009a5      0x14e Core/Src/system_stm32f1xx.o
 .debug_abbrev  0x0000000000000af3       0x12 Core/Startup/startup_stm32f103rbtx.o
 .debug_abbrev  0x0000000000000b05      0x1ed Drivers/STM32F1xx_HAL_Driver/Src/stm32f1xx_hal.o
 .debug_abbrev  0x0000000000000cf2      0x1fb Drivers/STM32F1xx_HAL_Driver/Src/stm32f1xx_hal_adc.o
 .debug_abbrev  0x0000000000000eed      0x313 Drivers/STM32F1xx_HAL_Driver/Src/stm32f1xx_hal_cortex.o
 .debug_abbrev  0x0000000000001200      0x1e8 Drivers/STM32F1xx_HAL_Driver/Src/stm32f1xx_hal_gpio.o
 .debug_abbrev  0x00000000000013e8      0x273 Drivers/STM32F1xx_HAL_Driver/Src/stm32f1xx_hal_rcc.o
 .debug_abbrev  0x000000000000165b      0x193 Drivers/STM32F1xx_HAL_Driver/Src/stm32f1xx_hal_rcc_ex.o
 .debug_abbrev  0x00000000000017ee      0x26e Drivers/STM32F1xx_HAL_Driver/Src/stm32f1xx_hal_spi.o
 .debug_abbrev  0x0000000000001a5c      0x25e Drivers/STM32F1xx_HAL_Driver/Src/stm32f1xx_hal_tim.o
 .debug_abbrev  0x0000000000001cba      0x266 Drivers/STM32F1xx_HAL_Driver/Src/stm32f1xx_hal_tim_ex.o
 .debug_abbrev  0x0000000000001f20      0x270 Drivers/STM32F1xx_HAL_Driver/Src/stm32f1xx_hal_uart.o

.debug_aranges  0x0000000000000000      0xec8
 .debug_aranges
                0x0000000000000000       0x18 Core/Src/font.o
 .debug_aranges
                0x0000000000000018       0x48 Core/Src/lcd.o
 .debug_aranges
                0x0000000000000060       0x70 Core/Src/main.o
 .debug_aranges
                0x00000000000000d0       0x78 Core/Src/stm32f1xx_hal_msp.o
 .debug_aranges
                0x0000000000000148       0x70 Core/Src/stm32f1xx_it.o
 .debug_aranges
                0x00000000000001b8       0x28 Core/Src/system_stm32f1xx.o
 .debug_aranges
                0x00000000000001e0       0x28 Core/Startup/startup_stm32f103rbtx.o
 .debug_aranges
                0x0000000000000208       0xe0 Drivers/STM32F1xx_HAL_Driver/Src/stm32f1xx_hal.o
 .debug_aranges
                0x00000000000002e8       0xf0 Drivers/STM32F1xx_HAL_Driver/Src/stm32f1xx_hal_adc.o
 .debug_aranges
                0x00000000000003d8      0x100 Drivers/STM32F1xx_HAL_Driver/Src/stm32f1xx_hal_cortex.o
 .debug_aranges
                0x00000000000004d8       0x58 Drivers/STM32F1xx_HAL_Driver/Src/stm32f1xx_hal_gpio.o
 .debug_aranges
                0x0000000000000530       0x90 Drivers/STM32F1xx_HAL_Driver/Src/stm32f1xx_hal_rcc.o
 .debug_aranges
                0x00000000000005c0       0x30 Drivers/STM32F1xx_HAL_Driver/Src/stm32f1xx_hal_rcc_ex.o
 .debug_aranges
                0x00000000000005f0      0x1d0 Drivers/STM32F1xx_HAL_Driver/Src/stm32f1xx_hal_spi.o
 .debug_aranges
                0x00000000000007c0      0x3d0 Drivers/STM32F1xx_HAL_Driver/Src/stm32f1xx_hal_tim.o
 .debug_aranges
                0x0000000000000b90      0x168 Drivers/STM32F1xx_HAL_Driver/Src/stm32f1xx_hal_tim_ex.o
 .debug_aranges
                0x0000000000000cf8      0x1d0 Drivers/STM32F1xx_HAL_Driver/Src/stm32f1xx_hal_uart.o

.debug_macro    0x0000000000000000    0x180fe
 .debug_macro   0x0000000000000000       0x6d Core/Src/font.o
 .debug_macro   0x000000000000006d      0x2d3 Core/Src/lcd.o
 .debug_macro   0x0000000000000340       0x4c Core/Src/lcd.o
 .debug_macro   0x000000000000038c       0x18 Core/Src/lcd.o
 .debug_macro   0x00000000000003a4       0x94 Core/Src/lcd.o
 .debug_macro   0x0000000000000438       0x3c Core/Src/lcd.o
 .debug_macro   0x0000000000000474       0x34 Core/Src/lcd.o
 .debug_macro   0x00000000000004a8      0x174 Core/Src/lcd.o
 .debug_macro   0x000000000000061c       0x16 Core/Src/lcd.o
 .debug_macro   0x0000000000000632       0x43 Core/Src/lcd.o
 .debug_macro   0x0000000000000675       0x57 Core/Src/lcd.o
 .debug_macro   0x00000000000006cc       0x34 Core/Src/lcd.o
 .debug_macro   0x0000000000000700       0x10 Core/Src/lcd.o
 .debug_macro   0x0000000000000710       0x58 Core/Src/lcd.o
 .debug_macro   0x0000000000000768       0x71 Core/Src/lcd.o
 .debug_macro   0x00000000000007d9       0x1c Core/Src/lcd.o
 .debug_macro   0x00000000000007f5      0x12a Core/Src/lcd.o
 .debug_macro   0x000000000000091f      0x339 Core/Src/lcd.o
 .debug_macro   0x0000000000000c58       0x10 Core/Src/lcd.o
 .debug_macro   0x0000000000000c68       0x35 Core/Src/lcd.o
 .debug_macro   0x0000000000000c9d       0x20 Core/Src/lcd.o
 .debug_macro   0x0000000000000cbd       0x2e Core/Src/lcd.o
 .debug_macro   0x0000000000000ceb       0x22 Core/Src/lcd.o
 .debug_macro   0x0000000000000d0d       0x1c Core/Src/lcd.o
 .debug_macro   0x0000000000000d29       0x22 Core/Src/lcd.o
 .debug_macro   0x0000000000000d4b       0xbd Core/Src/lcd.o
 .debug_macro   0x0000000000000e08      0xd23 Core/Src/lcd.o
 .debug_macro   0x0000000000001b2b     0xe097 Core/Src/lcd.o
 .debug_macro   0x000000000000fbc2       0x43 Core/Src/lcd.o
 .debug_macro   0x000000000000fc05      0x227 Core/Src/lcd.o
 .debug_macro   0x000000000000fe2c     0x3468 Core/Src/lcd.o
 .debug_macro   0x0000000000013294       0x56 Core/Src/lcd.o
 .debug_macro   0x00000000000132ea      0x5be Core/Src/lcd.o
 .debug_macro   0x00000000000138a8      0x289 Core/Src/lcd.o
 .debug_macro   0x0000000000013b31      0x1cb Core/Src/lcd.o
 .debug_macro   0x0000000000013cfc      0x114 Core/Src/lcd.o
 .debug_macro   0x0000000000013e10      0x1b2 Core/Src/lcd.o
 .debug_macro   0x0000000000013fc2       0x27 Core/Src/lcd.o
 .debug_macro   0x0000000000013fe9      0x136 Core/Src/lcd.o
 .debug_macro   0x000000000001411f      0x1bc Core/Src/lcd.o
 .debug_macro   0x00000000000142db       0x34 Core/Src/lcd.o
 .debug_macro   0x000000000001430f       0x3c Core/Src/lcd.o
 .debug_macro   0x000000000001434b       0x57 Core/Src/lcd.o
 .debug_macro   0x00000000000143a2      0x46a Core/Src/lcd.o
 .debug_macro   0x000000000001480c      0x1b5 Core/Src/lcd.o
 .debug_macro   0x00000000000149c1       0x88 Core/Src/lcd.o
 .debug_macro   0x0000000000014a49      0x241 Core/Src/lcd.o
 .debug_macro   0x0000000000014c8a      0x141 Core/Src/lcd.o
 .debug_macro   0x0000000000014dcb      0x217 Core/Src/lcd.o
 .debug_macro   0x0000000000014fe2      0x8d1 Core/Src/lcd.o
 .debug_macro   0x00000000000158b3      0x26b Core/Src/lcd.o
 .debug_macro   0x0000000000015b1e       0x83 Core/Src/lcd.o
 .debug_macro   0x0000000000015ba1      0x356 Core/Src/main.o
 .debug_macro   0x0000000000015ef7       0xc3 Core/Src/main.o
 .debug_macro   0x0000000000015fba       0x5c Core/Src/main.o
 .debug_macro   0x0000000000016016       0x5e Core/Src/main.o
 .debug_macro   0x0000000000016074       0x52 Core/Src/main.o
 .debug_macro   0x00000000000160c6       0x16 Core/Src/main.o
 .debug_macro   0x00000000000160dc      0x333 Core/Src/main.o
 .debug_macro   0x000000000001640f       0x10 Core/Src/main.o
 .debug_macro   0x000000000001641f       0x10 Core/Src/main.o
 .debug_macro   0x000000000001642f       0x1c Core/Src/main.o
 .debug_macro   0x000000000001644b       0x52 Core/Src/main.o
 .debug_macro   0x000000000001649d       0x22 Core/Src/main.o
 .debug_macro   0x00000000000164bf       0x10 Core/Src/main.o
 .debug_macro   0x00000000000164cf       0x40 Core/Src/main.o
 .debug_macro   0x000000000001650f       0xd5 Core/Src/main.o
 .debug_macro   0x00000000000165e4       0x1c Core/Src/main.o
 .debug_macro   0x0000000000016600       0x3d Core/Src/main.o
 .debug_macro   0x000000000001663d       0x16 Core/Src/main.o
 .debug_macro   0x0000000000016653      0x145 Core/Src/main.o
 .debug_macro   0x0000000000016798      0x1a9 Core/Src/main.o
 .debug_macro   0x0000000000016941      0x1d0 Core/Src/stm32f1xx_hal_msp.o
 .debug_macro   0x0000000000016b11      0x1da Core/Src/stm32f1xx_it.o
 .debug_macro   0x0000000000016ceb      0x1c1 Core/Src/system_stm32f1xx.o
 .debug_macro   0x0000000000016eac      0x1e5 Drivers/STM32F1xx_HAL_Driver/Src/stm32f1xx_hal.o
 .debug_macro   0x0000000000017091      0x1de Drivers/STM32F1xx_HAL_Driver/Src/stm32f1xx_hal_adc.o
 .debug_macro   0x000000000001726f      0x1c1 Drivers/STM32F1xx_HAL_Driver/Src/stm32f1xx_hal_cortex.o
 .debug_macro   0x0000000000017430      0x22c Drivers/STM32F1xx_HAL_Driver/Src/stm32f1xx_hal_gpio.o
 .debug_macro   0x000000000001765c      0x1d3 Drivers/STM32F1xx_HAL_Driver/Src/stm32f1xx_hal_rcc.o
 .debug_macro   0x000000000001782f      0x1c1 Drivers/STM32F1xx_HAL_Driver/Src/stm32f1xx_hal_rcc_ex.o
 .debug_macro   0x00000000000179f0      0x1c9 Drivers/STM32F1xx_HAL_Driver/Src/stm32f1xx_hal_spi.o
 .debug_macro   0x0000000000017bb9      0x1c2 Drivers/STM32F1xx_HAL_Driver/Src/stm32f1xx_hal_tim.o
 .debug_macro   0x0000000000017d7b      0x1c1 Drivers/STM32F1xx_HAL_Driver/Src/stm32f1xx_hal_tim_ex.o
 .debug_macro   0x0000000000017f3c      0x1c2 Drivers/STM32F1xx_HAL_Driver/Src/stm32f1xx_hal_uart.o

.debug_line     0x0000000000000000     0xf827
 .debug_line    0x0000000000000000      0x37c Core/Src/font.o
 .debug_line    0x000000000000037c      0x8fa Core/Src/lcd.o
 .debug_line    0x0000000000000c76      0xe49 Core/Src/main.o
 .debug_line    0x0000000000001abf      0x881 Core/Src/stm32f1xx_hal_msp.o
 .debug_line    0x0000000000002340      0x7b7 Core/Src/stm32f1xx_it.o
 .debug_line    0x0000000000002af7      0x743 Core/Src/system_stm32f1xx.o
 .debug_line    0x000000000000323a       0x84 Core/Startup/startup_stm32f103rbtx.o
 .debug_line    0x00000000000032be      0x970 Drivers/STM32F1xx_HAL_Driver/Src/stm32f1xx_hal.o
 .debug_line    0x0000000000003c2e      0xfd0 Drivers/STM32F1xx_HAL_Driver/Src/stm32f1xx_hal_adc.o
 .debug_line    0x0000000000004bfe      0xb58 Drivers/STM32F1xx_HAL_Driver/Src/stm32f1xx_hal_cortex.o
 .debug_line    0x0000000000005756      0xa07 Drivers/STM32F1xx_HAL_Driver/Src/stm32f1xx_hal_gpio.o
 .debug_line    0x000000000000615d      0xd7e Drivers/STM32F1xx_HAL_Driver/Src/stm32f1xx_hal_rcc.o
 .debug_line    0x0000000000006edb      0x8bc Drivers/STM32F1xx_HAL_Driver/Src/stm32f1xx_hal_rcc_ex.o
 .debug_line    0x0000000000007797     0x1be8 Drivers/STM32F1xx_HAL_Driver/Src/stm32f1xx_hal_spi.o
 .debug_line    0x000000000000937f     0x3318 Drivers/STM32F1xx_HAL_Driver/Src/stm32f1xx_hal_tim.o
 .debug_line    0x000000000000c697     0x1a16 Drivers/STM32F1xx_HAL_Driver/Src/stm32f1xx_hal_tim_ex.o
 .debug_line    0x000000000000e0ad     0x177a Drivers/STM32F1xx_HAL_Driver/Src/stm32f1xx_hal_uart.o

.debug_str      0x0000000000000000    0x91438
 .debug_str     0x0000000000000000     0x3b61 Core/Src/font.o
                                       0x3cc9 (size before relaxing)
 .debug_str     0x0000000000003b61    0x8852d Core/Src/lcd.o
                                      0x8c497 (size before relaxing)
 .debug_str     0x000000000008c08e     0x2541 Core/Src/main.o
                                      0x8e99b (size before relaxing)
 .debug_str     0x000000000008e5cf      0x15b Core/Src/stm32f1xx_hal_msp.o
                                      0x89c67 (size before relaxing)
 .debug_str     0x000000000008e72a       0xe2 Core/Src/stm32f1xx_it.o
                                      0x89430 (size before relaxing)
 .debug_str     0x000000000008e80c       0x52 Core/Src/system_stm32f1xx.o
                                      0x88dcb (size before relaxing)
 .debug_str     0x000000000008e85e       0x36 Core/Startup/startup_stm32f103rbtx.o
                                         0x87 (size before relaxing)
 .debug_str     0x000000000008e894      0x2fa Drivers/STM32F1xx_HAL_Driver/Src/stm32f1xx_hal.o
                                      0x8945c (size before relaxing)
 .debug_str     0x000000000008eb8e      0x357 Drivers/STM32F1xx_HAL_Driver/Src/stm32f1xx_hal_adc.o
                                      0x8945b (size before relaxing)
 .debug_str     0x000000000008eee5      0x300 Drivers/STM32F1xx_HAL_Driver/Src/stm32f1xx_hal_cortex.o
                                      0x89464 (size before relaxing)
 .debug_str     0x000000000008f1e5      0x324 Drivers/STM32F1xx_HAL_Driver/Src/stm32f1xx_hal_gpio.o
                                      0x8918f (size before relaxing)
 .debug_str     0x000000000008f509      0x24f Drivers/STM32F1xx_HAL_Driver/Src/stm32f1xx_hal_rcc.o
                                      0x891c8 (size before relaxing)
 .debug_str     0x000000000008f758       0xb9 Drivers/STM32F1xx_HAL_Driver/Src/stm32f1xx_hal_rcc_ex.o
                                      0x88f55 (size before relaxing)
 .debug_str     0x000000000008f811      0x543 Drivers/STM32F1xx_HAL_Driver/Src/stm32f1xx_hal_spi.o
                                      0x896d0 (size before relaxing)
 .debug_str     0x000000000008fd54      0xcaf Drivers/STM32F1xx_HAL_Driver/Src/stm32f1xx_hal_tim.o
                                      0x8a19a (size before relaxing)
 .debug_str     0x0000000000090a03      0x517 Drivers/STM32F1xx_HAL_Driver/Src/stm32f1xx_hal_tim_ex.o
                                      0x89974 (size before relaxing)
 .debug_str     0x0000000000090f1a      0x51e Drivers/STM32F1xx_HAL_Driver/Src/stm32f1xx_hal_uart.o
                                      0x896ce (size before relaxing)

.comment        0x0000000000000000       0x53
 .comment       0x0000000000000000       0x53 Core/Src/font.o
                                         0x54 (size before relaxing)
 .comment       0x0000000000000053       0x54 Core/Src/lcd.o
 .comment       0x0000000000000053       0x54 Core/Src/main.o
 .comment       0x0000000000000053       0x54 Core/Src/stm32f1xx_hal_msp.o
 .comment       0x0000000000000053       0x54 Core/Src/stm32f1xx_it.o
 .comment       0x0000000000000053       0x54 Core/Src/system_stm32f1xx.o
 .comment       0x0000000000000053       0x54 Drivers/STM32F1xx_HAL_Driver/Src/stm32f1xx_hal.o
 .comment       0x0000000000000053       0x54 Drivers/STM32F1xx_HAL_Driver/Src/stm32f1xx_hal_adc.o
 .comment       0x0000000000000053       0x54 Drivers/STM32F1xx_HAL_Driver/Src/stm32f1xx_hal_cortex.o
 .comment       0x0000000000000053       0x54 Drivers/STM32F1xx_HAL_Driver/Src/stm32f1xx_hal_gpio.o
 .comment       0x0000000000000053       0x54 Drivers/STM32F1xx_HAL_Driver/Src/stm32f1xx_hal_rcc.o
 .comment       0x0000000000000053       0x54 Drivers/STM32F1xx_HAL_Driver/Src/stm32f1xx_hal_rcc_ex.o
 .comment       0x0000000000000053       0x54 Drivers/STM32F1xx_HAL_Driver/Src/stm32f1xx_hal_spi.o
 .comment       0x0000000000000053       0x54 Drivers/STM32F1xx_HAL_Driver/Src/stm32f1xx_hal_tim.o
 .comment       0x0000000000000053       0x54 Drivers/STM32F1xx_HAL_Driver/Src/stm32f1xx_hal_tim_ex.o
 .comment       0x0000000000000053       0x54 Drivers/STM32F1xx_HAL_Driver/Src/stm32f1xx_hal_uart.o

.debug_ranges   0x0000000000000000      0xdb8
 .debug_ranges  0x0000000000000000       0x38 Core/Src/lcd.o
 .debug_ranges  0x0000000000000038       0x60 Core/Src/main.o
 .debug_ranges  0x0000000000000098       0x68 Core/Src/stm32f1xx_hal_msp.o
 .debug_ranges  0x0000000000000100       0x60 Core/Src/stm32f1xx_it.o
 .debug_ranges  0x0000000000000160       0x18 Core/Src/system_stm32f1xx.o
 .debug_ranges  0x0000000000000178       0x20 Core/Startup/startup_stm32f103rbtx.o
 .debug_ranges  0x0000000000000198       0xd0 Drivers/STM32F1xx_HAL_Driver/Src/stm32f1xx_hal.o
 .debug_ranges  0x0000000000000268       0xe0 Drivers/STM32F1xx_HAL_Driver/Src/stm32f1xx_hal_adc.o
 .debug_ranges  0x0000000000000348       0xf0 Drivers/STM32F1xx_HAL_Driver/Src/stm32f1xx_hal_cortex.o
 .debug_ranges  0x0000000000000438       0x48 Drivers/STM32F1xx_HAL_Driver/Src/stm32f1xx_hal_gpio.o
 .debug_ranges  0x0000000000000480       0x80 Drivers/STM32F1xx_HAL_Driver/Src/stm32f1xx_hal_rcc.o
 .debug_ranges  0x0000000000000500       0x20 Drivers/STM32F1xx_HAL_Driver/Src/stm32f1xx_hal_rcc_ex.o
 .debug_ranges  0x0000000000000520      0x1c0 Drivers/STM32F1xx_HAL_Driver/Src/stm32f1xx_hal_spi.o
 .debug_ranges  0x00000000000006e0      0x3c0 Drivers/STM32F1xx_HAL_Driver/Src/stm32f1xx_hal_tim.o
 .debug_ranges  0x0000000000000aa0      0x158 Drivers/STM32F1xx_HAL_Driver/Src/stm32f1xx_hal_tim_ex.o
 .debug_ranges  0x0000000000000bf8      0x1c0 Drivers/STM32F1xx_HAL_Driver/Src/stm32f1xx_hal_uart.o

.debug_frame    0x0000000000000000     0x4160
 .debug_frame   0x0000000000000000       0xd4 Core/Src/lcd.o
 .debug_frame   0x00000000000000d4      0x17c Core/Src/main.o
 .debug_frame   0x0000000000000250      0x1c4 Core/Src/stm32f1xx_hal_msp.o
 .debug_frame   0x0000000000000414      0x13c Core/Src/stm32f1xx_it.o
 .debug_frame   0x0000000000000550       0x58 Core/Src/system_stm32f1xx.o
 .debug_frame   0x00000000000005a8      0x334 Drivers/STM32F1xx_HAL_Driver/Src/stm32f1xx_hal.o
 .debug_frame   0x00000000000008dc      0x40c Drivers/STM32F1xx_HAL_Driver/Src/stm32f1xx_hal_adc.o
 .debug_frame   0x0000000000000ce8      0x428 Drivers/STM32F1xx_HAL_Driver/Src/stm32f1xx_hal_cortex.o
 .debug_frame   0x0000000000001110      0x14c Drivers/STM32F1xx_HAL_Driver/Src/stm32f1xx_hal_gpio.o
 .debug_frame   0x000000000000125c      0x21c Drivers/STM32F1xx_HAL_Driver/Src/stm32f1xx_hal_rcc.o
 .debug_frame   0x0000000000001478       0x84 Drivers/STM32F1xx_HAL_Driver/Src/stm32f1xx_hal_rcc_ex.o
 .debug_frame   0x00000000000014fc      0x824 Drivers/STM32F1xx_HAL_Driver/Src/stm32f1xx_hal_spi.o
 .debug_frame   0x0000000000001d20     0x11b8 Drivers/STM32F1xx_HAL_Driver/Src/stm32f1xx_hal_tim.o
 .debug_frame   0x0000000000002ed8      0x638 Drivers/STM32F1xx_HAL_Driver/Src/stm32f1xx_hal_tim_ex.o
 .debug_frame   0x0000000000003510      0x834 Drivers/STM32F1xx_HAL_Driver/Src/stm32f1xx_hal_uart.o
 .debug_frame   0x0000000000003d44       0x2c c:/st/stm32cubeide_1.6.1/stm32cubeide/plugins/com.st.stm32cube.ide.mcu.externaltools.gnu-tools-for-stm32.9-2020-q2-update.win32_1.5.0.202011040924/tools/bin/../lib/gcc/arm-none-eabi/9.3.1/../../../../arm-none-eabi/lib/thumb/v7-m/nofp\libc_nano.a(lib_a-init.o)
 .debug_frame   0x0000000000003d70       0x20 c:/st/stm32cubeide_1.6.1/stm32cubeide/plugins/com.st.stm32cube.ide.mcu.externaltools.gnu-tools-for-stm32.9-2020-q2-update.win32_1.5.0.202011040924/tools/bin/../lib/gcc/arm-none-eabi/9.3.1/../../../../arm-none-eabi/lib/thumb/v7-m/nofp\libc_nano.a(lib_a-memset.o)
 .debug_frame   0x0000000000003d90       0x34 c:/st/stm32cubeide_1.6.1/stm32cubeide/plugins/com.st.stm32cube.ide.mcu.externaltools.gnu-tools-for-stm32.9-2020-q2-update.win32_1.5.0.202011040924/tools/bin/../lib/gcc/arm-none-eabi/9.3.1/../../../../arm-none-eabi/lib/thumb/v7-m/nofp\libm.a(lib_a-s_cos.o)
 .debug_frame   0x0000000000003dc4       0x34 c:/st/stm32cubeide_1.6.1/stm32cubeide/plugins/com.st.stm32cube.ide.mcu.externaltools.gnu-tools-for-stm32.9-2020-q2-update.win32_1.5.0.202011040924/tools/bin/../lib/gcc/arm-none-eabi/9.3.1/../../../../arm-none-eabi/lib/thumb/v7-m/nofp\libm.a(lib_a-s_sin.o)
 .debug_frame   0x0000000000003df8       0x40 c:/st/stm32cubeide_1.6.1/stm32cubeide/plugins/com.st.stm32cube.ide.mcu.externaltools.gnu-tools-for-stm32.9-2020-q2-update.win32_1.5.0.202011040924/tools/bin/../lib/gcc/arm-none-eabi/9.3.1/../../../../arm-none-eabi/lib/thumb/v7-m/nofp\libm.a(lib_a-e_rem_pio2.o)
 .debug_frame   0x0000000000003e38       0x3c c:/st/stm32cubeide_1.6.1/stm32cubeide/plugins/com.st.stm32cube.ide.mcu.externaltools.gnu-tools-for-stm32.9-2020-q2-update.win32_1.5.0.202011040924/tools/bin/../lib/gcc/arm-none-eabi/9.3.1/../../../../arm-none-eabi/lib/thumb/v7-m/nofp\libm.a(lib_a-k_cos.o)
 .debug_frame   0x0000000000003e74       0x44 c:/st/stm32cubeide_1.6.1/stm32cubeide/plugins/com.st.stm32cube.ide.mcu.externaltools.gnu-tools-for-stm32.9-2020-q2-update.win32_1.5.0.202011040924/tools/bin/../lib/gcc/arm-none-eabi/9.3.1/../../../../arm-none-eabi/lib/thumb/v7-m/nofp\libm.a(lib_a-k_rem_pio2.o)
 .debug_frame   0x0000000000003eb8       0x40 c:/st/stm32cubeide_1.6.1/stm32cubeide/plugins/com.st.stm32cube.ide.mcu.externaltools.gnu-tools-for-stm32.9-2020-q2-update.win32_1.5.0.202011040924/tools/bin/../lib/gcc/arm-none-eabi/9.3.1/../../../../arm-none-eabi/lib/thumb/v7-m/nofp\libm.a(lib_a-k_sin.o)
 .debug_frame   0x0000000000003ef8       0x20 c:/st/stm32cubeide_1.6.1/stm32cubeide/plugins/com.st.stm32cube.ide.mcu.externaltools.gnu-tools-for-stm32.9-2020-q2-update.win32_1.5.0.202011040924/tools/bin/../lib/gcc/arm-none-eabi/9.3.1/../../../../arm-none-eabi/lib/thumb/v7-m/nofp\libm.a(lib_a-s_fabs.o)
 .debug_frame   0x0000000000003f18       0x34 c:/st/stm32cubeide_1.6.1/stm32cubeide/plugins/com.st.stm32cube.ide.mcu.externaltools.gnu-tools-for-stm32.9-2020-q2-update.win32_1.5.0.202011040924/tools/bin/../lib/gcc/arm-none-eabi/9.3.1/../../../../arm-none-eabi/lib/thumb/v7-m/nofp\libm.a(lib_a-s_floor.o)
 .debug_frame   0x0000000000003f4c       0x30 c:/st/stm32cubeide_1.6.1/stm32cubeide/plugins/com.st.stm32cube.ide.mcu.externaltools.gnu-tools-for-stm32.9-2020-q2-update.win32_1.5.0.202011040924/tools/bin/../lib/gcc/arm-none-eabi/9.3.1/../../../../arm-none-eabi/lib/thumb/v7-m/nofp\libm.a(lib_a-s_scalbn.o)
 .debug_frame   0x0000000000003f7c       0xac c:/st/stm32cubeide_1.6.1/stm32cubeide/plugins/com.st.stm32cube.ide.mcu.externaltools.gnu-tools-for-stm32.9-2020-q2-update.win32_1.5.0.202011040924/tools/bin/../lib/gcc/arm-none-eabi/9.3.1/thumb/v7-m/nofp\libgcc.a(_arm_addsubdf3.o)
 .debug_frame   0x0000000000004028       0x50 c:/st/stm32cubeide_1.6.1/stm32cubeide/plugins/com.st.stm32cube.ide.mcu.externaltools.gnu-tools-for-stm32.9-2020-q2-update.win32_1.5.0.202011040924/tools/bin/../lib/gcc/arm-none-eabi/9.3.1/thumb/v7-m/nofp\libgcc.a(_arm_muldivdf3.o)
 .debug_frame   0x0000000000004078       0xc4 c:/st/stm32cubeide_1.6.1/stm32cubeide/plugins/com.st.stm32cube.ide.mcu.externaltools.gnu-tools-for-stm32.9-2020-q2-update.win32_1.5.0.202011040924/tools/bin/../lib/gcc/arm-none-eabi/9.3.1/thumb/v7-m/nofp\libgcc.a(_arm_cmpdf2.o)
 .debug_frame   0x000000000000413c       0x24 c:/st/stm32cubeide_1.6.1/stm32cubeide/plugins/com.st.stm32cube.ide.mcu.externaltools.gnu-tools-for-stm32.9-2020-q2-update.win32_1.5.0.202011040924/tools/bin/../lib/gcc/arm-none-eabi/9.3.1/thumb/v7-m/nofp\libgcc.a(_arm_fixdfsi.o)
