main.c:129:6:HAL_TIM_PeriodElapsedCallback	24	static
main.c:156:9:I2C_odczyt_rejestru	40	static
main.c:163:9:I2C_odczyt_wartosci	40	static
main.c:172:6:I2C_zapis_rejestr	32	static
main.c:188:5:main	16	static
main.c:422:6:SystemClock_Config	88	static
main.c:461:13:MX_ADC1_Init	24	static
main.c:503:13:MX_I2C1_Init	8	static
main.c:535:13:MX_SPI2_Init	8	static
main.c:571:13:MX_TIM1_Init	56	static
main.c:619:13:MX_TIM2_Init	56	static
main.c:666:13:MX_TIM3_Init	64	static
main.c:721:13:MX_USART2_UART_Init	8	static
main.c:752:13:MX_GPIO_Init	40	static
main.c:802:6:Error_Handler	4	static,ignoring_inline_asm
