main.c:128:6:HAL_TIM_PeriodElapsedCallback	24	static
main.c:155:9:I2C_odczyt_rejestru	40	static
main.c:162:9:I2C_odczyt_wartosci	40	static
main.c:171:6:I2C_zapis_rejestr	32	static
main.c:187:5:main	16	static
main.c:421:6:SystemClock_Config	88	static
main.c:460:13:MX_ADC1_Init	24	static
main.c:502:13:MX_I2C1_Init	8	static
main.c:534:13:MX_SPI2_Init	8	static
main.c:570:13:MX_TIM1_Init	56	static
main.c:618:13:MX_TIM2_Init	56	static
main.c:665:13:MX_TIM3_Init	64	static
main.c:720:13:MX_USART2_UART_Init	8	static
main.c:751:13:MX_GPIO_Init	40	static
main.c:801:6:Error_Handler	4	static,ignoring_inline_asm
